[2024-01-06T09:00:29.580+0000][0.056s] Using G1
[2024-01-06T09:00:29.727+0000][0.203s] Version: 17.0.9+9 (release)
[2024-01-06T09:00:29.728+0000][0.204s] CPUs: 12 total, 12 available
[2024-01-06T09:00:29.728+0000][0.204s] Memory: 7643M
[2024-01-06T09:00:29.729+0000][0.205s] Large Page Support: Disabled
[2024-01-06T09:00:29.729+0000][0.205s] NUMA Support: Disabled
[2024-01-06T09:00:29.729+0000][0.205s] Compressed Oops: Enabled (32-bit)
[2024-01-06T09:00:29.729+0000][0.205s] Heap Region Size: 1M
[2024-01-06T09:00:29.729+0000][0.205s] Heap Min Capacity: 512M
[2024-01-06T09:00:29.730+0000][0.206s] Heap Initial Capacity: 512M
[2024-01-06T09:00:29.730+0000][0.206s] Heap Max Capacity: 512M
[2024-01-06T09:00:29.730+0000][0.206s] Pre-touch: Enabled
[2024-01-06T09:00:29.730+0000][0.206s] Parallel Workers: 10
[2024-01-06T09:00:29.731+0000][0.207s] Concurrent Workers: 3
[2024-01-06T09:00:29.731+0000][0.207s] Concurrent Refinement Workers: 10
[2024-01-06T09:00:29.731+0000][0.207s] Periodic GC: Disabled
[2024-01-06T09:00:29.736+0000][0.212s] CDS archive(s) mapped at: [0x00007fddef000000-0x00007fddefa5f000-0x00007fddefa5f000), size 10874880, SharedBaseAddress: 0x00007fddef000000, ArchiveRelocationMode: 1.
[2024-01-06T09:00:29.736+0000][0.212s] Compressed class space mapped at: 0x00007fddf0000000-0x00007fde30000000, reserved size: 1073741824
[2024-01-06T09:00:29.736+0000][0.212s] Narrow klass base: 0x00007fddef000000, Narrow klass shift: 0, Narrow klass range: 0x100000000
[2024-01-06T09:00:31.019+0000][1.495s] GC(0) Pause Young (Normal) (G1 Evacuation Pause)
[2024-01-06T09:00:31.019+0000][1.495s] GC(0) Using 10 workers of 10 for evacuation
[2024-01-06T09:00:31.022+0000][1.498s] GC(0)   Pre Evacuate Collection Set: 0.1ms
[2024-01-06T09:00:31.022+0000][1.498s] GC(0)   Merge Heap Roots: 0.1ms
[2024-01-06T09:00:31.023+0000][1.499s] GC(0)   Evacuate Collection Set: 1.8ms
[2024-01-06T09:00:31.023+0000][1.499s] GC(0)   Post Evacuate Collection Set: 0.5ms
[2024-01-06T09:00:31.023+0000][1.499s] GC(0)   Other: 0.5ms
[2024-01-06T09:00:31.023+0000][1.499s] GC(0) Eden regions: 29->0(57)
[2024-01-06T09:00:31.023+0000][1.499s] GC(0) Survivor regions: 0->4(4)
[2024-01-06T09:00:31.023+0000][1.499s] GC(0) Old regions: 0->1
[2024-01-06T09:00:31.023+0000][1.500s] GC(0) Archive regions: 2->2
[2024-01-06T09:00:31.024+0000][1.500s] GC(0) Humongous regions: 0->0
[2024-01-06T09:00:31.024+0000][1.500s] GC(0) Metaspace: 9895K(10112K)->9895K(10112K) NonClass: 8679K(8768K)->8679K(8768K) Class: 1216K(1344K)->1216K(1344K)
[2024-01-06T09:00:31.024+0000][1.500s] GC(0) Pause Young (Normal) (G1 Evacuation Pause) 29M->5M(512M) 4.716ms
[2024-01-06T09:00:31.024+0000][1.500s] GC(0) User=0.01s Sys=0.02s Real=0.01s
[2024-01-06T09:00:31.973+0000][2.450s] GC(1) Pause Young (Normal) (G1 Evacuation Pause)
[2024-01-06T09:00:31.974+0000][2.450s] GC(1) Using 10 workers of 10 for evacuation
[2024-01-06T09:00:31.980+0000][2.456s] GC(1)   Pre Evacuate Collection Set: 0.1ms
[2024-01-06T09:00:31.980+0000][2.456s] GC(1)   Merge Heap Roots: 0.1ms
[2024-01-06T09:00:31.981+0000][2.457s] GC(1)   Evacuate Collection Set: 5.2ms
[2024-01-06T09:00:31.981+0000][2.457s] GC(1)   Post Evacuate Collection Set: 0.7ms
[2024-01-06T09:00:31.981+0000][2.457s] GC(1)   Other: 0.5ms
[2024-01-06T09:00:31.981+0000][2.457s] GC(1) Eden regions: 55->0(118)
[2024-01-06T09:00:31.981+0000][2.457s] GC(1) Survivor regions: 4->8(8)
[2024-01-06T09:00:31.981+0000][2.457s] GC(1) Old regions: 1->9
[2024-01-06T09:00:31.982+0000][2.458s] GC(1) Archive regions: 2->2
[2024-01-06T09:00:31.982+0000][2.458s] GC(1) Humongous regions: 4->4
[2024-01-06T09:00:31.982+0000][2.458s] GC(1) Metaspace: 17947K(18240K)->17947K(18240K) NonClass: 15734K(15936K)->15734K(15936K) Class: 2213K(2304K)->2213K(2304K)
[2024-01-06T09:00:31.982+0000][2.458s] GC(1) Pause Young (Normal) (G1 Evacuation Pause) 64M->21M(512M) 8.607ms
[2024-01-06T09:00:31.982+0000][2.458s] GC(1) User=0.03s Sys=0.01s Real=0.00s
[2024-01-06T09:00:32.734+0000][3.210s] GC(2) Pause Young (Concurrent Start) (Metadata GC Threshold)
[2024-01-06T09:00:32.734+0000][3.210s] GC(2) Using 10 workers of 10 for evacuation
[2024-01-06T09:00:32.740+0000][3.216s] GC(2)   Pre Evacuate Collection Set: 0.2ms
[2024-01-06T09:00:32.740+0000][3.216s] GC(2)   Merge Heap Roots: 0.1ms
[2024-01-06T09:00:32.740+0000][3.217s] GC(2)   Evacuate Collection Set: 3.6ms
[2024-01-06T09:00:32.741+0000][3.217s] GC(2)   Post Evacuate Collection Set: 0.7ms
[2024-01-06T09:00:32.741+0000][3.217s] GC(2)   Other: 1.7ms
[2024-01-06T09:00:32.741+0000][3.217s] GC(2) Eden regions: 33->0(98)
[2024-01-06T09:00:32.741+0000][3.217s] GC(2) Survivor regions: 8->8(13)
[2024-01-06T09:00:32.741+0000][3.217s] GC(2) Old regions: 9->12
[2024-01-06T09:00:32.741+0000][3.217s] GC(2) Archive regions: 2->2
[2024-01-06T09:00:32.742+0000][3.218s] GC(2) Humongous regions: 5->5
[2024-01-06T09:00:32.742+0000][3.218s] GC(2) Metaspace: 21221K(21504K)->21221K(21504K) NonClass: 18615K(18752K)->18615K(18752K) Class: 2606K(2752K)->2606K(2752K)
[2024-01-06T09:00:32.742+0000][3.218s] GC(2) Pause Young (Concurrent Start) (Metadata GC Threshold) 55M->24M(512M) 7.825ms
[2024-01-06T09:00:32.742+0000][3.218s] GC(2) User=0.02s Sys=0.01s Real=0.00s
[2024-01-06T09:00:32.742+0000][3.218s] GC(3) Concurrent Mark Cycle
[2024-01-06T09:00:32.742+0000][3.218s] GC(3) Concurrent Clear Claimed Marks
[2024-01-06T09:00:32.742+0000][3.219s] GC(3) Concurrent Clear Claimed Marks 0.200ms
[2024-01-06T09:00:32.743+0000][3.219s] GC(3) Concurrent Scan Root Regions
[2024-01-06T09:00:32.745+0000][3.221s] GC(3) Concurrent Scan Root Regions 1.950ms
[2024-01-06T09:00:32.745+0000][3.221s] GC(3) Concurrent Mark
[2024-01-06T09:00:32.745+0000][3.221s] GC(3) Concurrent Mark From Roots
[2024-01-06T09:00:32.745+0000][3.221s] GC(3) Using 3 workers of 3 for marking
[2024-01-06T09:00:32.750+0000][3.226s] GC(3) Concurrent Mark From Roots 4.836ms
[2024-01-06T09:00:32.750+0000][3.226s] GC(3) Concurrent Preclean
[2024-01-06T09:00:32.750+0000][3.226s] GC(3) Concurrent Preclean 0.281ms
[2024-01-06T09:00:32.751+0000][3.227s] GC(3) Pause Remark
[2024-01-06T09:00:32.753+0000][3.229s] GC(3) Pause Remark 26M->26M(512M) 1.992ms
[2024-01-06T09:00:32.753+0000][3.229s] GC(3) User=0.02s Sys=0.00s Real=0.01s
[2024-01-06T09:00:32.753+0000][3.229s] GC(3) Concurrent Mark 8.266ms
[2024-01-06T09:00:32.753+0000][3.229s] GC(3) Concurrent Rebuild Remembered Sets
[2024-01-06T09:00:32.756+0000][3.232s] GC(3) Concurrent Rebuild Remembered Sets 2.456ms
[2024-01-06T09:00:32.756+0000][3.232s] GC(3) Pause Cleanup
[2024-01-06T09:00:32.756+0000][3.232s] GC(3) Pause Cleanup 26M->26M(512M) 0.435ms
[2024-01-06T09:00:32.757+0000][3.233s] GC(3) User=0.00s Sys=0.00s Real=0.00s
[2024-01-06T09:00:32.757+0000][3.233s] GC(3) Concurrent Cleanup for Next Mark
[2024-01-06T09:00:32.758+0000][3.234s] GC(3) Concurrent Cleanup for Next Mark 0.934ms
[2024-01-06T09:00:32.758+0000][3.234s] GC(3) Concurrent Mark Cycle 15.850ms
[2024-01-06T09:00:46.702+0000][17.176s] GC(4) Pause Young (Prepare Mixed) (Metadata GC Threshold)
[2024-01-06T09:00:46.702+0000][17.176s] GC(4) Using 10 workers of 10 for evacuation
[2024-01-06T09:00:46.708+0000][17.182s] GC(4)   Pre Evacuate Collection Set: 0.1ms
[2024-01-06T09:00:46.709+0000][17.183s] GC(4)   Merge Heap Roots: 0.1ms
[2024-01-06T09:00:46.709+0000][17.183s] GC(4)   Evacuate Collection Set: 4.6ms
[2024-01-06T09:00:46.709+0000][17.183s] GC(4)   Post Evacuate Collection Set: 1.0ms
[2024-01-06T09:00:46.709+0000][17.183s] GC(4)   Other: 0.5ms
[2024-01-06T09:00:46.709+0000][17.183s] GC(4) Eden regions: 88->0(10)
[2024-01-06T09:00:46.709+0000][17.183s] GC(4) Survivor regions: 8->15(15)
[2024-01-06T09:00:46.710+0000][17.183s] GC(4) Old regions: 12->12
[2024-01-06T09:00:46.710+0000][17.184s] GC(4) Archive regions: 2->2
[2024-01-06T09:00:46.710+0000][17.184s] GC(4) Humongous regions: 5->4
[2024-01-06T09:00:46.710+0000][17.184s] GC(4) Metaspace: 35625K(35968K)->35625K(35968K) NonClass: 31172K(31360K)->31172K(31360K) Class: 4453K(4608K)->4453K(4608K)
[2024-01-06T09:00:46.710+0000][17.184s] GC(4) Pause Young (Prepare Mixed) (Metadata GC Threshold) 112M->30M(512M) 8.222ms
[2024-01-06T09:00:46.710+0000][17.184s] GC(4) User=0.04s Sys=0.00s Real=0.01s
[2024-01-06T09:00:46.723+0000][17.196s] GC(5) Pause Young (Mixed) (Metadata GC Threshold)
[2024-01-06T09:00:46.723+0000][17.197s] GC(5) Using 10 workers of 10 for evacuation
[2024-01-06T09:00:46.727+0000][17.201s] GC(5)   Pre Evacuate Collection Set: 0.1ms
[2024-01-06T09:00:46.728+0000][17.201s] GC(5)   Merge Heap Roots: 0.1ms
[2024-01-06T09:00:46.728+0000][17.202s] GC(5)   Evacuate Collection Set: 3.7ms
[2024-01-06T09:00:46.728+0000][17.202s] GC(5)   Post Evacuate Collection Set: 0.5ms
[2024-01-06T09:00:46.728+0000][17.202s] GC(5)   Other: 0.5ms
[2024-01-06T09:00:46.728+0000][17.202s] GC(5) Eden regions: 2->0(136)
[2024-01-06T09:00:46.728+0000][17.202s] GC(5) Survivor regions: 15->2(4)
[2024-01-06T09:00:46.728+0000][17.202s] GC(5) Old regions: 12->25
[2024-01-06T09:00:46.729+0000][17.202s] GC(5) Archive regions: 2->2
[2024-01-06T09:00:46.729+0000][17.203s] GC(5) Humongous regions: 4->4
[2024-01-06T09:00:46.729+0000][17.203s] GC(5) Metaspace: 35931K(36288K)->35931K(36288K) NonClass: 31437K(31616K)->31437K(31616K) Class: 4493K(4672K)->4493K(4672K)
[2024-01-06T09:00:46.729+0000][17.203s] GC(5) Pause Young (Mixed) (Metadata GC Threshold) 32M->31M(512M) 6.513ms
[2024-01-06T09:00:46.729+0000][17.203s] GC(5) User=0.03s Sys=0.00s Real=0.01s
[2024-01-06T09:00:46.813+0000][17.287s] GC(6) Pause Young (Concurrent Start) (Metadata GC Threshold)
[2024-01-06T09:00:46.814+0000][17.288s] GC(6) Using 10 workers of 10 for evacuation
[2024-01-06T09:00:46.816+0000][17.290s] GC(6)   Pre Evacuate Collection Set: 0.2ms
[2024-01-06T09:00:46.816+0000][17.290s] GC(6)   Merge Heap Roots: 0.3ms
[2024-01-06T09:00:46.816+0000][17.290s] GC(6)   Evacuate Collection Set: 1.0ms
[2024-01-06T09:00:46.817+0000][17.290s] GC(6)   Post Evacuate Collection Set: 0.5ms
[2024-01-06T09:00:46.817+0000][17.291s] GC(6)   Other: 0.7ms
[2024-01-06T09:00:46.817+0000][17.291s] GC(6) Eden regions: 2->0(150)
[2024-01-06T09:00:46.817+0000][17.291s] GC(6) Survivor regions: 2->1(18)
[2024-01-06T09:00:46.817+0000][17.291s] GC(6) Old regions: 25->25
[2024-01-06T09:00:46.817+0000][17.291s] GC(6) Archive regions: 2->2
[2024-01-06T09:00:46.818+0000][17.291s] GC(6) Humongous regions: 4->4
[2024-01-06T09:00:46.818+0000][17.291s] GC(6) Metaspace: 36248K(36608K)->36248K(36608K) NonClass: 31704K(31872K)->31704K(31872K) Class: 4544K(4736K)->4544K(4736K)
[2024-01-06T09:00:46.818+0000][17.292s] GC(6) Pause Young (Concurrent Start) (Metadata GC Threshold) 33M->30M(512M) 4.394ms
[2024-01-06T09:00:46.818+0000][17.292s] GC(6) User=0.00s Sys=0.01s Real=0.01s
[2024-01-06T09:00:46.818+0000][17.292s] GC(7) Concurrent Mark Cycle
[2024-01-06T09:00:46.818+0000][17.292s] GC(7) Concurrent Clear Claimed Marks
[2024-01-06T09:00:46.819+0000][17.292s] GC(7) Concurrent Clear Claimed Marks 0.304ms
[2024-01-06T09:00:46.819+0000][17.293s] GC(7) Concurrent Scan Root Regions
[2024-01-06T09:00:46.820+0000][17.294s] GC(7) Concurrent Scan Root Regions 0.945ms
[2024-01-06T09:00:46.820+0000][17.294s] GC(7) Concurrent Mark
[2024-01-06T09:00:46.820+0000][17.294s] GC(7) Concurrent Mark From Roots
[2024-01-06T09:00:46.820+0000][17.294s] GC(7) Using 3 workers of 3 for marking
[2024-01-06T09:00:46.831+0000][17.304s] GC(7) Concurrent Mark From Roots 10.469ms
[2024-01-06T09:00:46.831+0000][17.305s] GC(7) Concurrent Preclean
[2024-01-06T09:00:46.831+0000][17.305s] GC(7) Concurrent Preclean 0.223ms
[2024-01-06T09:00:46.831+0000][17.305s] GC(7) Pause Remark
[2024-01-06T09:00:46.833+0000][17.307s] GC(7) Pause Remark 31M->31M(512M) 1.634ms
[2024-01-06T09:00:46.833+0000][17.307s] GC(7) User=0.01s Sys=0.00s Real=0.00s
[2024-01-06T09:00:46.833+0000][17.307s] GC(7) Concurrent Mark 13.249ms
[2024-01-06T09:00:46.833+0000][17.307s] GC(7) Concurrent Rebuild Remembered Sets
[2024-01-06T09:00:46.837+0000][17.311s] GC(7) Concurrent Rebuild Remembered Sets 3.667ms
[2024-01-06T09:00:46.837+0000][17.311s] GC(7) Pause Cleanup
[2024-01-06T09:00:46.838+0000][17.311s] GC(7) Pause Cleanup 31M->31M(512M) 0.346ms
[2024-01-06T09:00:46.838+0000][17.312s] GC(7) User=0.00s Sys=0.00s Real=0.00s
[2024-01-06T09:00:46.838+0000][17.312s] GC(7) Concurrent Cleanup for Next Mark
[2024-01-06T09:00:46.839+0000][17.313s] GC(7) Concurrent Cleanup for Next Mark 0.760ms
[2024-01-06T09:00:46.839+0000][17.313s] GC(7) Concurrent Mark Cycle 20.866ms
[2024-01-06T09:01:04.676+0000][35.149s] GC(8) Pause Young (Prepare Mixed) (G1 Evacuation Pause)
[2024-01-06T09:01:04.676+0000][35.149s] GC(8) Using 10 workers of 10 for evacuation
[2024-01-06T09:01:04.682+0000][35.156s] GC(8)   Pre Evacuate Collection Set: 0.2ms
[2024-01-06T09:01:04.682+0000][35.156s] GC(8)   Merge Heap Roots: 0.1ms
[2024-01-06T09:01:04.682+0000][35.156s] GC(8)   Evacuate Collection Set: 5.1ms
[2024-01-06T09:01:04.683+0000][35.156s] GC(8)   Post Evacuate Collection Set: 0.7ms
[2024-01-06T09:01:04.683+0000][35.156s] GC(8)   Other: 0.4ms
[2024-01-06T09:01:04.683+0000][35.157s] GC(8) Eden regions: 150->0(9)
[2024-01-06T09:01:04.683+0000][35.157s] GC(8) Survivor regions: 1->16(19)
[2024-01-06T09:01:04.683+0000][35.157s] GC(8) Old regions: 25->25
[2024-01-06T09:01:04.683+0000][35.157s] GC(8) Archive regions: 2->2
[2024-01-06T09:01:04.683+0000][35.157s] GC(8) Humongous regions: 4->4
[2024-01-06T09:01:04.684+0000][35.157s] GC(8) Metaspace: 50656K(51136K)->50656K(51136K) NonClass: 44172K(44416K)->44172K(44416K) Class: 6483K(6720K)->6483K(6720K)
[2024-01-06T09:01:04.684+0000][35.157s] GC(8) Pause Young (Prepare Mixed) (G1 Evacuation Pause) 180M->44M(512M) 8.146ms
[2024-01-06T09:01:04.684+0000][35.158s] GC(8) User=0.05s Sys=0.01s Real=0.00s
[2024-01-06T11:41:22.714+0000][8674.671s] GC(9) Pause Young (Mixed) (G1 Evacuation Pause)
[2024-01-06T11:41:22.715+0000][8674.672s] GC(9) Using 10 workers of 10 for evacuation
[2024-01-06T11:41:22.784+0000][8674.741s] GC(9)   Pre Evacuate Collection Set: 2.6ms
[2024-01-06T11:41:22.785+0000][8674.741s] GC(9)   Merge Heap Roots: 1.3ms
[2024-01-06T11:41:22.785+0000][8674.742s] GC(9)   Evacuate Collection Set: 59.0ms
[2024-01-06T11:41:22.786+0000][8674.742s] GC(9)   Post Evacuate Collection Set: 3.9ms
[2024-01-06T11:41:22.786+0000][8674.743s] GC(9)   Other: 4.4ms
[2024-01-06T11:41:22.786+0000][8674.743s] GC(9) Eden regions: 9->0(304)
[2024-01-06T11:41:22.787+0000][8674.743s] GC(9) Survivor regions: 16->3(4)
[2024-01-06T11:41:22.787+0000][8674.744s] GC(9) Old regions: 25->40
[2024-01-06T11:41:22.787+0000][8674.744s] GC(9) Archive regions: 2->2
[2024-01-06T11:41:22.787+0000][8674.744s] GC(9) Humongous regions: 4->4
[2024-01-06T11:41:22.788+0000][8674.744s] GC(9) Metaspace: 52078K(52544K)->52078K(52544K) NonClass: 45382K(45632K)->45382K(45632K) Class: 6695K(6912K)->6695K(6912K)
[2024-01-06T11:41:22.788+0000][8674.745s] GC(9) Pause Young (Mixed) (G1 Evacuation Pause) 53M->46M(512M) 74.422ms
[2024-01-06T11:41:22.789+0000][8674.745s] GC(9) User=0.63s Sys=0.00s Real=0.07s
[2024-01-07T01:11:37.686+0000][53878.267s] Heap
[2024-01-07T01:11:37.690+0000][53878.271s]  garbage-first heap   total 524288K, used 156569K [0x00000000e0000000, 0x0000000100000000)
[2024-01-07T01:11:37.690+0000][53878.272s]   region size 1024K, 109 young (111616K), 3 survivors (3072K)
[2024-01-07T01:11:37.690+0000][53878.272s]  Metaspace       used 56012K, committed 56512K, reserved 1114112K
[2024-01-07T01:11:37.691+0000][53878.272s]   class space    used 7016K, committed 7232K, reserved 1048576K
