[2024-02-05T18:13:28.165+0000][0.101s] Using G1
[2024-02-05T18:13:28.263+0000][0.199s] Version: 17.0.10+7 (release)
[2024-02-05T18:13:28.264+0000][0.200s] CPUs: 12 total, 12 available
[2024-02-05T18:13:28.264+0000][0.200s] Memory: 7643M
[2024-02-05T18:13:28.264+0000][0.201s] Large Page Support: Disabled
[2024-02-05T18:13:28.265+0000][0.201s] NUMA Support: Disabled
[2024-02-05T18:13:28.265+0000][0.201s] Compressed Oops: Enabled (32-bit)
[2024-02-05T18:13:28.265+0000][0.201s] Heap Region Size: 1M
[2024-02-05T18:13:28.265+0000][0.202s] Heap Min Capacity: 512M
[2024-02-05T18:13:28.266+0000][0.202s] Heap Initial Capacity: 512M
[2024-02-05T18:13:28.266+0000][0.202s] Heap Max Capacity: 512M
[2024-02-05T18:13:28.266+0000][0.202s] Pre-touch: Enabled
[2024-02-05T18:13:28.266+0000][0.203s] Parallel Workers: 10
[2024-02-05T18:13:28.267+0000][0.203s] Concurrent Workers: 3
[2024-02-05T18:13:28.267+0000][0.203s] Concurrent Refinement Workers: 10
[2024-02-05T18:13:28.267+0000][0.203s] Periodic GC: Disabled
[2024-02-05T18:13:28.273+0000][0.210s] CDS archive(s) mapped at: [0x00007f6673000000-0x00007f6673a5f000-0x00007f6673a5f000), size 10874880, SharedBaseAddress: 0x00007f6673000000, ArchiveRelocationMode: 1.
[2024-02-05T18:13:28.274+0000][0.210s] Compressed class space mapped at: 0x00007f6674000000-0x00007f66b4000000, reserved size: 1073741824
[2024-02-05T18:13:28.274+0000][0.210s] Narrow klass base: 0x00007f6673000000, Narrow klass shift: 0, Narrow klass range: 0x100000000
[2024-02-05T18:13:29.109+0000][1.391s] GC(0) Pause Young (Normal) (G1 Evacuation Pause)
[2024-02-05T18:13:29.109+0000][1.391s] GC(0) Using 10 workers of 10 for evacuation
[2024-02-05T18:13:29.115+0000][1.397s] GC(0)   Pre Evacuate Collection Set: 0.2ms
[2024-02-05T18:13:29.115+0000][1.397s] GC(0)   Merge Heap Roots: 0.2ms
[2024-02-05T18:13:29.115+0000][1.397s] GC(0)   Evacuate Collection Set: 3.1ms
[2024-02-05T18:13:29.116+0000][1.397s] GC(0)   Post Evacuate Collection Set: 1.5ms
[2024-02-05T18:13:29.116+0000][1.398s] GC(0)   Other: 0.9ms
[2024-02-05T18:13:29.116+0000][1.398s] GC(0) Eden regions: 29->0(57)
[2024-02-05T18:13:29.116+0000][1.398s] GC(0) Survivor regions: 0->4(4)
[2024-02-05T18:13:29.117+0000][1.398s] GC(0) Old regions: 0->1
[2024-02-05T18:13:29.117+0000][1.398s] GC(0) Archive regions: 2->2
[2024-02-05T18:13:29.117+0000][1.399s] GC(0) Humongous regions: 0->0
[2024-02-05T18:13:29.117+0000][1.399s] GC(0) Metaspace: 10031K(10304K)->10031K(10304K) NonClass: 8779K(8896K)->8779K(8896K) Class: 1251K(1408K)->1251K(1408K)
[2024-02-05T18:13:29.117+0000][1.399s] GC(0) Pause Young (Normal) (G1 Evacuation Pause) 29M->5M(512M) 8.386ms
[2024-02-05T18:13:29.118+0000][1.399s] GC(0) User=0.03s Sys=0.01s Real=0.01s
[2024-02-05T18:13:30.143+0000][2.425s] GC(1) Pause Young (Normal) (G1 Evacuation Pause)
[2024-02-05T18:13:30.143+0000][2.425s] GC(1) Using 10 workers of 10 for evacuation
[2024-02-05T18:13:30.150+0000][2.432s] GC(1)   Pre Evacuate Collection Set: 0.2ms
[2024-02-05T18:13:30.151+0000][2.432s] GC(1)   Merge Heap Roots: 0.1ms
[2024-02-05T18:13:30.151+0000][2.433s] GC(1)   Evacuate Collection Set: 5.3ms
[2024-02-05T18:13:30.151+0000][2.433s] GC(1)   Post Evacuate Collection Set: 0.8ms
[2024-02-05T18:13:30.151+0000][2.433s] GC(1)   Other: 0.9ms
[2024-02-05T18:13:30.151+0000][2.433s] GC(1) Eden regions: 57->0(66)
[2024-02-05T18:13:30.152+0000][2.433s] GC(1) Survivor regions: 4->8(8)
[2024-02-05T18:13:30.152+0000][2.434s] GC(1) Old regions: 1->10
[2024-02-05T18:13:30.153+0000][2.434s] GC(1) Archive regions: 2->2
[2024-02-05T18:13:30.153+0000][2.435s] GC(1) Humongous regions: 4->4
[2024-02-05T18:13:30.153+0000][2.435s] GC(1) Metaspace: 17984K(18304K)->17984K(18304K) NonClass: 15766K(15936K)->15766K(15936K) Class: 2217K(2368K)->2217K(2368K)
[2024-02-05T18:13:30.153+0000][2.435s] GC(1) Pause Young (Normal) (G1 Evacuation Pause) 66M->22M(512M) 10.506ms
[2024-02-05T18:13:30.154+0000][2.435s] GC(1) User=0.05s Sys=0.00s Real=0.01s
[2024-02-05T18:13:30.680+0000][2.961s] GC(2) Pause Young (Concurrent Start) (Metadata GC Threshold)
[2024-02-05T18:13:30.681+0000][2.962s] GC(2) Using 10 workers of 10 for evacuation
[2024-02-05T18:13:30.691+0000][2.972s] GC(2)   Pre Evacuate Collection Set: 0.3ms
[2024-02-05T18:13:30.691+0000][2.973s] GC(2)   Merge Heap Roots: 0.2ms
[2024-02-05T18:13:30.691+0000][2.973s] GC(2)   Evacuate Collection Set: 4.1ms
[2024-02-05T18:13:30.692+0000][2.973s] GC(2)   Post Evacuate Collection Set: 0.6ms
[2024-02-05T18:13:30.692+0000][2.973s] GC(2)   Other: 5.9ms
[2024-02-05T18:13:30.692+0000][2.974s] GC(2) Eden regions: 19->0(78)
[2024-02-05T18:13:30.692+0000][2.974s] GC(2) Survivor regions: 8->2(9)
[2024-02-05T18:13:30.692+0000][2.974s] GC(2) Old regions: 10->18
[2024-02-05T18:13:30.693+0000][2.974s] GC(2) Archive regions: 2->2
[2024-02-05T18:13:30.693+0000][2.975s] GC(2) Humongous regions: 5->5
[2024-02-05T18:13:30.693+0000][2.975s] GC(2) Metaspace: 21205K(21504K)->21205K(21504K) NonClass: 18596K(18752K)->18596K(18752K) Class: 2609K(2752K)->2609K(2752K)
[2024-02-05T18:13:30.693+0000][2.975s] GC(2) Pause Young (Concurrent Start) (Metadata GC Threshold) 42M->24M(512M) 13.811ms
[2024-02-05T18:13:30.694+0000][2.975s] GC(2) User=0.03s Sys=0.01s Real=0.01s
[2024-02-05T18:13:30.694+0000][2.976s] GC(3) Concurrent Mark Cycle
[2024-02-05T18:13:30.694+0000][2.976s] GC(3) Concurrent Clear Claimed Marks
[2024-02-05T18:13:30.694+0000][2.976s] GC(3) Concurrent Clear Claimed Marks 0.302ms
[2024-02-05T18:13:30.695+0000][2.976s] GC(3) Concurrent Scan Root Regions
[2024-02-05T18:13:30.697+0000][2.978s] GC(3) Concurrent Scan Root Regions 2.198ms
[2024-02-05T18:13:30.697+0000][2.979s] GC(3) Concurrent Mark
[2024-02-05T18:13:30.697+0000][2.979s] GC(3) Concurrent Mark From Roots
[2024-02-05T18:13:30.697+0000][2.979s] GC(3) Using 3 workers of 3 for marking
[2024-02-05T18:13:30.703+0000][2.985s] GC(3) Concurrent Mark From Roots 6.277ms
[2024-02-05T18:13:30.704+0000][2.985s] GC(3) Concurrent Preclean
[2024-02-05T18:13:30.704+0000][2.986s] GC(3) Concurrent Preclean 0.317ms
[2024-02-05T18:13:30.704+0000][2.986s] GC(3) Pause Remark
[2024-02-05T18:13:30.706+0000][2.988s] GC(3) Pause Remark 26M->26M(512M) 1.983ms
[2024-02-05T18:13:30.707+0000][2.988s] GC(3) User=0.00s Sys=0.01s Real=0.01s
[2024-02-05T18:13:30.707+0000][2.989s] GC(3) Concurrent Mark 9.816ms
[2024-02-05T18:13:30.707+0000][2.989s] GC(3) Concurrent Rebuild Remembered Sets
[2024-02-05T18:13:30.710+0000][2.991s] GC(3) Concurrent Rebuild Remembered Sets 2.530ms
[2024-02-05T18:13:30.710+0000][2.992s] GC(3) Pause Cleanup
[2024-02-05T18:13:30.710+0000][2.992s] GC(3) Pause Cleanup 26M->26M(512M) 0.362ms
[2024-02-05T18:13:30.711+0000][2.992s] GC(3) User=0.00s Sys=0.00s Real=0.00s
[2024-02-05T18:13:30.711+0000][2.992s] GC(3) Concurrent Cleanup for Next Mark
[2024-02-05T18:13:30.712+0000][2.993s] GC(3) Concurrent Cleanup for Next Mark 0.997ms
[2024-02-05T18:13:30.712+0000][2.994s] GC(3) Concurrent Mark Cycle 18.232ms
[2024-02-05T18:13:32.845+0000][5.127s] GC(4) Pause Young (Prepare Mixed) (G1 Evacuation Pause)
[2024-02-05T18:13:32.845+0000][5.127s] GC(4) Using 10 workers of 10 for evacuation
[2024-02-05T18:13:32.849+0000][5.131s] GC(4)   Pre Evacuate Collection Set: 0.1ms
[2024-02-05T18:13:32.850+0000][5.131s] GC(4)   Merge Heap Roots: 0.1ms
[2024-02-05T18:13:32.850+0000][5.132s] GC(4)   Evacuate Collection Set: 2.7ms
[2024-02-05T18:13:32.850+0000][5.132s] GC(4)   Post Evacuate Collection Set: 0.8ms
[2024-02-05T18:13:32.850+0000][5.132s] GC(4)   Other: 0.5ms
[2024-02-05T18:13:32.850+0000][5.132s] GC(4) Eden regions: 78->0(17)
[2024-02-05T18:13:32.850+0000][5.132s] GC(4) Survivor regions: 2->8(10)
[2024-02-05T18:13:32.851+0000][5.132s] GC(4) Old regions: 18->18
[2024-02-05T18:13:32.851+0000][5.132s] GC(4) Archive regions: 2->2
[2024-02-05T18:13:32.851+0000][5.133s] GC(4) Humongous regions: 5->4
[2024-02-05T18:13:32.851+0000][5.133s] GC(4) Metaspace: 34420K(34752K)->34420K(34752K) NonClass: 30115K(30272K)->30115K(30272K) Class: 4305K(4480K)->4305K(4480K)
[2024-02-05T18:13:32.851+0000][5.133s] GC(4) Pause Young (Prepare Mixed) (G1 Evacuation Pause) 102M->30M(512M) 5.928ms
[2024-02-05T18:13:32.851+0000][5.133s] GC(4) User=0.02s Sys=0.01s Real=0.01s
[2024-02-05T18:13:32.984+0000][5.266s] GC(5) Pause Young (Mixed) (GCLocker Initiated GC)
[2024-02-05T18:13:32.985+0000][5.266s] GC(5) Using 10 workers of 10 for evacuation
[2024-02-05T18:13:32.988+0000][5.270s] GC(5)   Pre Evacuate Collection Set: 0.1ms
[2024-02-05T18:13:32.988+0000][5.270s] GC(5)   Merge Heap Roots: 0.1ms
[2024-02-05T18:13:32.989+0000][5.270s] GC(5)   Evacuate Collection Set: 2.7ms
[2024-02-05T18:13:32.989+0000][5.270s] GC(5)   Post Evacuate Collection Set: 0.5ms
[2024-02-05T18:13:32.989+0000][5.271s] GC(5)   Other: 0.5ms
[2024-02-05T18:13:32.989+0000][5.271s] GC(5) Eden regions: 8->0(130)
[2024-02-05T18:13:32.989+0000][5.271s] GC(5) Survivor regions: 8->1(4)
[2024-02-05T18:13:32.989+0000][5.271s] GC(5) Old regions: 18->25
[2024-02-05T18:13:32.990+0000][5.271s] GC(5) Archive regions: 2->2
[2024-02-05T18:13:32.990+0000][5.271s] GC(5) Humongous regions: 4->4
[2024-02-05T18:13:32.990+0000][5.272s] GC(5) Metaspace: 35643K(36032K)->35643K(36032K) NonClass: 31188K(31424K)->31188K(31424K) Class: 4454K(4608K)->4454K(4608K)
[2024-02-05T18:13:32.991+0000][5.273s] GC(5) Pause Young (Mixed) (GCLocker Initiated GC) 37M->30M(512M) 7.060ms
[2024-02-05T18:13:32.992+0000][5.273s] GC(5) User=0.03s Sys=0.00s Real=0.01s
[2024-02-05T18:13:33.009+0000][5.291s] GC(6) Pause Young (Concurrent Start) (Metadata GC Threshold)
[2024-02-05T18:13:33.009+0000][5.291s] GC(6) Using 10 workers of 10 for evacuation
[2024-02-05T18:13:33.011+0000][5.293s] GC(6)   Pre Evacuate Collection Set: 0.1ms
[2024-02-05T18:13:33.011+0000][5.293s] GC(6)   Merge Heap Roots: 0.1ms
[2024-02-05T18:13:33.011+0000][5.293s] GC(6)   Evacuate Collection Set: 0.8ms
[2024-02-05T18:13:33.012+0000][5.293s] GC(6)   Post Evacuate Collection Set: 0.4ms
[2024-02-05T18:13:33.012+0000][5.293s] GC(6)   Other: 0.6ms
[2024-02-05T18:13:33.012+0000][5.294s] GC(6) Eden regions: 2->0(143)
[2024-02-05T18:13:33.012+0000][5.294s] GC(6) Survivor regions: 1->1(17)
[2024-02-05T18:13:33.013+0000][5.294s] GC(6) Old regions: 25->25
[2024-02-05T18:13:33.013+0000][5.295s] GC(6) Archive regions: 2->2
[2024-02-05T18:13:33.013+0000][5.295s] GC(6) Humongous regions: 4->4
[2024-02-05T18:13:33.014+0000][5.295s] GC(6) Metaspace: 35954K(36288K)->35954K(36288K) NonClass: 31455K(31616K)->31455K(31616K) Class: 4499K(4672K)->4499K(4672K)
[2024-02-05T18:13:33.014+0000][5.296s] GC(6) Pause Young (Concurrent Start) (Metadata GC Threshold) 32M->30M(512M) 4.883ms
[2024-02-05T18:13:33.014+0000][5.296s] GC(6) User=0.02s Sys=0.00s Real=0.00s
[2024-02-05T18:13:33.014+0000][5.296s] GC(7) Concurrent Mark Cycle
[2024-02-05T18:13:33.014+0000][5.296s] GC(7) Concurrent Clear Claimed Marks
[2024-02-05T18:13:33.015+0000][5.296s] GC(7) Concurrent Clear Claimed Marks 0.239ms
[2024-02-05T18:13:33.015+0000][5.297s] GC(7) Concurrent Scan Root Regions
[2024-02-05T18:13:33.016+0000][5.298s] GC(7) Concurrent Scan Root Regions 1.488ms
[2024-02-05T18:13:33.017+0000][5.298s] GC(7) Concurrent Mark
[2024-02-05T18:13:33.017+0000][5.299s] GC(7) Concurrent Mark From Roots
[2024-02-05T18:13:33.017+0000][5.299s] GC(7) Using 3 workers of 3 for marking
[2024-02-05T18:13:33.028+0000][5.310s] GC(7) Concurrent Mark From Roots 11.066ms
[2024-02-05T18:13:33.028+0000][5.310s] GC(7) Concurrent Preclean
[2024-02-05T18:13:33.028+0000][5.310s] GC(7) Concurrent Preclean 0.312ms
[2024-02-05T18:13:33.029+0000][5.311s] GC(7) Pause Remark
[2024-02-05T18:13:33.031+0000][5.313s] GC(7) Pause Remark 31M->31M(512M) 2.218ms
[2024-02-05T18:13:33.031+0000][5.313s] GC(7) User=0.01s Sys=0.00s Real=0.00s
[2024-02-05T18:13:33.032+0000][5.313s] GC(7) Concurrent Mark 15.170ms
[2024-02-05T18:13:33.032+0000][5.314s] GC(7) Concurrent Rebuild Remembered Sets
[2024-02-05T18:13:33.037+0000][5.319s] GC(7) Concurrent Rebuild Remembered Sets 5.088ms
[2024-02-05T18:13:33.040+0000][5.321s] GC(7) Pause Cleanup
[2024-02-05T18:13:33.040+0000][5.322s] GC(7) Pause Cleanup 31M->31M(512M) 0.380ms
[2024-02-05T18:13:33.040+0000][5.322s] GC(7) User=0.00s Sys=0.00s Real=0.00s
[2024-02-05T18:13:33.040+0000][5.322s] GC(7) Concurrent Cleanup for Next Mark
[2024-02-05T18:13:33.041+0000][5.323s] GC(7) Concurrent Cleanup for Next Mark 1.025ms
[2024-02-05T18:13:33.042+0000][5.323s] GC(7) Concurrent Mark Cycle 27.518ms
[2024-02-05T18:13:34.994+0000][7.276s] GC(8) Pause Young (Prepare Mixed) (G1 Evacuation Pause)
[2024-02-05T18:13:34.995+0000][7.276s] GC(8) Using 10 workers of 10 for evacuation
[2024-02-05T18:13:35.002+0000][7.283s] GC(8)   Pre Evacuate Collection Set: 0.2ms
[2024-02-05T18:13:35.002+0000][7.284s] GC(8)   Merge Heap Roots: 0.1ms
[2024-02-05T18:13:35.002+0000][7.284s] GC(8)   Evacuate Collection Set: 5.6ms
[2024-02-05T18:13:35.002+0000][7.284s] GC(8)   Post Evacuate Collection Set: 0.9ms
[2024-02-05T18:13:35.002+0000][7.284s] GC(8)   Other: 0.5ms
[2024-02-05T18:13:35.002+0000][7.284s] GC(8) Eden regions: 143->0(9)
[2024-02-05T18:13:35.003+0000][7.284s] GC(8) Survivor regions: 1->16(18)
[2024-02-05T18:13:35.003+0000][7.285s] GC(8) Old regions: 25->25
[2024-02-05T18:13:35.003+0000][7.285s] GC(8) Archive regions: 2->2
[2024-02-05T18:13:35.003+0000][7.285s] GC(8) Humongous regions: 4->4
[2024-02-05T18:13:35.003+0000][7.285s] GC(8) Metaspace: 50648K(51136K)->50648K(51136K) NonClass: 44172K(44416K)->44172K(44416K) Class: 6476K(6720K)->6476K(6720K)
[2024-02-05T18:13:35.003+0000][7.285s] GC(8) Pause Young (Prepare Mixed) (G1 Evacuation Pause) 173M->45M(512M) 9.154ms
[2024-02-05T18:13:35.004+0000][7.285s] GC(8) User=0.06s Sys=0.00s Real=0.01s
[2024-02-05T18:13:35.205+0000][7.487s] GC(9) Pause Young (Mixed) (G1 Evacuation Pause)
[2024-02-05T18:13:35.205+0000][7.487s] GC(9) Using 10 workers of 10 for evacuation
[2024-02-05T18:13:35.211+0000][7.492s] GC(9)   Pre Evacuate Collection Set: 0.1ms
[2024-02-05T18:13:35.211+0000][7.493s] GC(9)   Merge Heap Roots: 0.1ms
[2024-02-05T18:13:35.211+0000][7.493s] GC(9)   Evacuate Collection Set: 4.4ms
[2024-02-05T18:13:35.211+0000][7.493s] GC(9)   Post Evacuate Collection Set: 0.6ms
[2024-02-05T18:13:35.211+0000][7.493s] GC(9)   Other: 0.4ms
[2024-02-05T18:13:35.212+0000][7.493s] GC(9) Eden regions: 9->0(305)
[2024-02-05T18:13:35.212+0000][7.493s] GC(9) Survivor regions: 16->2(4)
[2024-02-05T18:13:35.212+0000][7.494s] GC(9) Old regions: 25->40
[2024-02-05T18:13:35.212+0000][7.494s] GC(9) Archive regions: 2->2
[2024-02-05T18:13:35.212+0000][7.494s] GC(9) Humongous regions: 4->4
[2024-02-05T18:13:35.212+0000][7.494s] GC(9) Metaspace: 50763K(51264K)->50763K(51264K) NonClass: 44265K(44544K)->44265K(44544K) Class: 6497K(6720K)->6497K(6720K)
[2024-02-05T18:13:35.212+0000][7.494s] GC(9) Pause Young (Mixed) (G1 Evacuation Pause) 54M->46M(512M) 7.358ms
[2024-02-05T18:13:35.213+0000][7.494s] GC(9) User=0.05s Sys=0.00s Real=0.01s
[2024-02-05T19:22:50.297+0000][3925.877s] Heap
[2024-02-05T19:22:50.298+0000][3925.878s]  garbage-first heap   total 524288K, used 97855K [0x00000000e0000000, 0x0000000100000000)
[2024-02-05T19:22:50.298+0000][3925.878s]   region size 1024K, 51 young (52224K), 2 survivors (2048K)
[2024-02-05T19:22:50.298+0000][3925.878s]  Metaspace       used 54996K, committed 55424K, reserved 1114112K
[2024-02-05T19:22:50.298+0000][3925.878s]   class space    used 7033K, committed 7232K, reserved 1048576K
