[2023-12-21T20:51:07.790+0000][0.127s] Using G1
[2023-12-21T20:51:08.045+0000][0.381s] Version: 17.0.9+9 (release)
[2023-12-21T20:51:08.046+0000][0.382s] CPUs: 12 total, 12 available
[2023-12-21T20:51:08.046+0000][0.383s] Memory: 7643M
[2023-12-21T20:51:08.047+0000][0.383s] Large Page Support: Disabled
[2023-12-21T20:51:08.047+0000][0.383s] NUMA Support: Disabled
[2023-12-21T20:51:08.047+0000][0.384s] Compressed Oops: Enabled (32-bit)
[2023-12-21T20:51:08.047+0000][0.384s] Heap Region Size: 1M
[2023-12-21T20:51:08.048+0000][0.384s] Heap Min Capacity: 512M
[2023-12-21T20:51:08.048+0000][0.384s] Heap Initial Capacity: 512M
[2023-12-21T20:51:08.049+0000][0.385s] Heap Max Capacity: 512M
[2023-12-21T20:51:08.049+0000][0.385s] Pre-touch: Enabled
[2023-12-21T20:51:08.049+0000][0.386s] Parallel Workers: 10
[2023-12-21T20:51:08.050+0000][0.386s] Concurrent Workers: 3
[2023-12-21T20:51:08.050+0000][0.386s] Concurrent Refinement Workers: 10
[2023-12-21T20:51:08.050+0000][0.386s] Periodic GC: Disabled
[2023-12-21T20:51:08.057+0000][0.393s] CDS archive(s) mapped at: [0x00007f0c1b000000-0x00007f0c1ba5f000-0x00007f0c1ba5f000), size 10874880, SharedBaseAddress: 0x00007f0c1b000000, ArchiveRelocationMode: 1.
[2023-12-21T20:51:08.057+0000][0.394s] Compressed class space mapped at: 0x00007f0c1c000000-0x00007f0c5c000000, reserved size: 1073741824
[2023-12-21T20:51:08.058+0000][0.394s] Narrow klass base: 0x00007f0c1b000000, Narrow klass shift: 0, Narrow klass range: 0x100000000
[2023-12-21T20:51:10.580+0000][2.917s] GC(0) Pause Young (Normal) (G1 Evacuation Pause)
[2023-12-21T20:51:10.581+0000][2.917s] GC(0) Using 10 workers of 10 for evacuation
[2023-12-21T20:51:10.586+0000][2.922s] GC(0)   Pre Evacuate Collection Set: 0.2ms
[2023-12-21T20:51:10.586+0000][2.923s] GC(0)   Merge Heap Roots: 0.2ms
[2023-12-21T20:51:10.587+0000][2.923s] GC(0)   Evacuate Collection Set: 3.4ms
[2023-12-21T20:51:10.587+0000][2.923s] GC(0)   Post Evacuate Collection Set: 1.0ms
[2023-12-21T20:51:10.587+0000][2.924s] GC(0)   Other: 0.8ms
[2023-12-21T20:51:10.588+0000][2.924s] GC(0) Eden regions: 29->0(57)
[2023-12-21T20:51:10.588+0000][2.924s] GC(0) Survivor regions: 0->4(4)
[2023-12-21T20:51:10.588+0000][2.924s] GC(0) Old regions: 0->1
[2023-12-21T20:51:10.588+0000][2.925s] GC(0) Archive regions: 2->2
[2023-12-21T20:51:10.589+0000][2.925s] GC(0) Humongous regions: 0->0
[2023-12-21T20:51:10.589+0000][2.925s] GC(0) Metaspace: 9973K(10240K)->9973K(10240K) NonClass: 8733K(8832K)->8733K(8832K) Class: 1240K(1408K)->1240K(1408K)
[2023-12-21T20:51:10.589+0000][2.926s] GC(0) Pause Young (Normal) (G1 Evacuation Pause) 29M->5M(512M) 8.921ms
[2023-12-21T20:51:10.590+0000][2.926s] GC(0) User=0.04s Sys=0.00s Real=0.01s
[2023-12-21T20:51:12.235+0000][4.572s] GC(1) Pause Young (Normal) (G1 Evacuation Pause)
[2023-12-21T20:51:12.236+0000][4.572s] GC(1) Using 10 workers of 10 for evacuation
[2023-12-21T20:51:12.246+0000][4.583s] GC(1)   Pre Evacuate Collection Set: 0.3ms
[2023-12-21T20:51:12.247+0000][4.583s] GC(1)   Merge Heap Roots: 0.2ms
[2023-12-21T20:51:12.247+0000][4.584s] GC(1)   Evacuate Collection Set: 8.4ms
[2023-12-21T20:51:12.247+0000][4.584s] GC(1)   Post Evacuate Collection Set: 1.3ms
[2023-12-21T20:51:12.248+0000][4.585s] GC(1)   Other: 0.8ms
[2023-12-21T20:51:12.249+0000][4.585s] GC(1) Eden regions: 55->0(66)
[2023-12-21T20:51:12.249+0000][4.585s] GC(1) Survivor regions: 4->8(8)
[2023-12-21T20:51:12.249+0000][4.585s] GC(1) Old regions: 1->9
[2023-12-21T20:51:12.249+0000][4.586s] GC(1) Archive regions: 2->2
[2023-12-21T20:51:12.250+0000][4.586s] GC(1) Humongous regions: 4->4
[2023-12-21T20:51:12.250+0000][4.586s] GC(1) Metaspace: 17927K(18176K)->17927K(18176K) NonClass: 15713K(15872K)->15713K(15872K) Class: 2214K(2304K)->2214K(2304K)
[2023-12-21T20:51:12.250+0000][4.587s] GC(1) Pause Young (Normal) (G1 Evacuation Pause) 64M->21M(512M) 14.996ms
[2023-12-21T20:51:12.251+0000][4.587s] GC(1) User=0.07s Sys=0.02s Real=0.01s
[2023-12-21T20:51:13.038+0000][5.375s] GC(2) Pause Young (Concurrent Start) (Metadata GC Threshold)
[2023-12-21T20:51:13.039+0000][5.375s] GC(2) Using 10 workers of 10 for evacuation
[2023-12-21T20:51:13.047+0000][5.383s] GC(2)   Pre Evacuate Collection Set: 0.3ms
[2023-12-21T20:51:13.047+0000][5.384s] GC(2)   Merge Heap Roots: 0.2ms
[2023-12-21T20:51:13.047+0000][5.384s] GC(2)   Evacuate Collection Set: 6.2ms
[2023-12-21T20:51:13.048+0000][5.384s] GC(2)   Post Evacuate Collection Set: 1.0ms
[2023-12-21T20:51:13.048+0000][5.384s] GC(2)   Other: 1.0ms
[2023-12-21T20:51:13.048+0000][5.385s] GC(2) Eden regions: 33->0(80)
[2023-12-21T20:51:13.049+0000][5.385s] GC(2) Survivor regions: 8->3(9)
[2023-12-21T20:51:13.049+0000][5.385s] GC(2) Old regions: 9->17
[2023-12-21T20:51:13.049+0000][5.386s] GC(2) Archive regions: 2->2
[2023-12-21T20:51:13.050+0000][5.386s] GC(2) Humongous regions: 5->5
[2023-12-21T20:51:13.050+0000][5.386s] GC(2) Metaspace: 21210K(21504K)->21210K(21504K) NonClass: 18603K(18752K)->18603K(18752K) Class: 2607K(2752K)->2607K(2752K)
[2023-12-21T20:51:13.050+0000][5.387s] GC(2) Pause Young (Concurrent Start) (Metadata GC Threshold) 54M->25M(512M) 12.116ms
[2023-12-21T20:51:13.051+0000][5.387s] GC(2) User=0.04s Sys=0.00s Real=0.01s
[2023-12-21T20:51:13.051+0000][5.387s] GC(3) Concurrent Mark Cycle
[2023-12-21T20:51:13.051+0000][5.388s] GC(3) Concurrent Clear Claimed Marks
[2023-12-21T20:51:13.052+0000][5.388s] GC(3) Concurrent Clear Claimed Marks 0.369ms
[2023-12-21T20:51:13.052+0000][5.389s] GC(3) Concurrent Scan Root Regions
[2023-12-21T20:51:13.056+0000][5.392s] GC(3) Concurrent Scan Root Regions 3.886ms
[2023-12-21T20:51:13.056+0000][5.393s] GC(3) Concurrent Mark
[2023-12-21T20:51:13.057+0000][5.393s] GC(3) Concurrent Mark From Roots
[2023-12-21T20:51:13.057+0000][5.393s] GC(3) Using 3 workers of 3 for marking
[2023-12-21T20:51:13.067+0000][5.403s] GC(3) Concurrent Mark From Roots 10.378ms
[2023-12-21T20:51:13.068+0000][5.404s] GC(3) Concurrent Preclean
[2023-12-21T20:51:13.068+0000][5.404s] GC(3) Concurrent Preclean 0.432ms
[2023-12-21T20:51:13.068+0000][5.405s] GC(3) Pause Remark
[2023-12-21T20:51:13.072+0000][5.408s] GC(3) Pause Remark 26M->26M(512M) 3.244ms
[2023-12-21T20:51:13.072+0000][5.408s] GC(3) User=0.02s Sys=0.00s Real=0.00s
[2023-12-21T20:51:13.072+0000][5.409s] GC(3) Concurrent Mark 16.071ms
[2023-12-21T20:51:13.073+0000][5.409s] GC(3) Concurrent Rebuild Remembered Sets
[2023-12-21T20:51:13.080+0000][5.416s] GC(3) Concurrent Rebuild Remembered Sets 6.836ms
[2023-12-21T20:51:13.080+0000][5.417s] GC(3) Pause Cleanup
[2023-12-21T20:51:13.081+0000][5.417s] GC(3) Pause Cleanup 27M->27M(512M) 0.646ms
[2023-12-21T20:51:13.081+0000][5.418s] GC(3) User=0.01s Sys=0.00s Real=0.00s
[2023-12-21T20:51:13.082+0000][5.418s] GC(3) Concurrent Cleanup for Next Mark
[2023-12-21T20:51:13.083+0000][5.420s] GC(3) Concurrent Cleanup for Next Mark 1.567ms
[2023-12-21T20:51:13.084+0000][5.420s] GC(3) Concurrent Mark Cycle 32.676ms
[2023-12-21T20:51:15.760+0000][8.096s] GC(4) Pause Young (Prepare Mixed) (G1 Evacuation Pause)
[2023-12-21T20:51:15.760+0000][8.096s] GC(4) Using 10 workers of 10 for evacuation
[2023-12-21T20:51:15.767+0000][8.104s] GC(4)   Pre Evacuate Collection Set: 0.2ms
[2023-12-21T20:51:15.768+0000][8.104s] GC(4)   Merge Heap Roots: 0.2ms
[2023-12-21T20:51:15.768+0000][8.104s] GC(4)   Evacuate Collection Set: 4.4ms
[2023-12-21T20:51:15.768+0000][8.105s] GC(4)   Post Evacuate Collection Set: 2.1ms
[2023-12-21T20:51:15.769+0000][8.105s] GC(4)   Other: 0.7ms
[2023-12-21T20:51:15.769+0000][8.105s] GC(4) Eden regions: 80->0(17)
[2023-12-21T20:51:15.769+0000][8.106s] GC(4) Survivor regions: 3->8(11)
[2023-12-21T20:51:15.770+0000][8.106s] GC(4) Old regions: 17->17
[2023-12-21T20:51:15.770+0000][8.106s] GC(4) Archive regions: 2->2
[2023-12-21T20:51:15.770+0000][8.106s] GC(4) Humongous regions: 5->4
[2023-12-21T20:51:15.770+0000][8.107s] GC(4) Metaspace: 32775K(33152K)->32775K(33152K) NonClass: 28704K(28864K)->28704K(28864K) Class: 4071K(4288K)->4071K(4288K)
[2023-12-21T20:51:15.771+0000][8.107s] GC(4) Pause Young (Prepare Mixed) (G1 Evacuation Pause) 105M->29M(512M) 10.969ms
[2023-12-21T20:51:15.771+0000][8.107s] GC(4) User=0.04s Sys=0.00s Real=0.01s
[2023-12-21T20:51:16.354+0000][8.690s] GC(5) Pause Young (Mixed) (G1 Evacuation Pause)
[2023-12-21T20:51:16.354+0000][8.690s] GC(5) Using 10 workers of 10 for evacuation
[2023-12-21T20:51:16.362+0000][8.698s] GC(5)   Pre Evacuate Collection Set: 0.4ms
[2023-12-21T20:51:16.362+0000][8.699s] GC(5)   Merge Heap Roots: 0.2ms
[2023-12-21T20:51:16.362+0000][8.699s] GC(5)   Evacuate Collection Set: 5.7ms
[2023-12-21T20:51:16.363+0000][8.699s] GC(5)   Post Evacuate Collection Set: 1.0ms
[2023-12-21T20:51:16.363+0000][8.699s] GC(5)   Other: 1.0ms
[2023-12-21T20:51:16.363+0000][8.700s] GC(5) Eden regions: 17->0(128)
[2023-12-21T20:51:16.364+0000][8.700s] GC(5) Survivor regions: 8->2(4)
[2023-12-21T20:51:16.364+0000][8.700s] GC(5) Old regions: 17->24
[2023-12-21T20:51:16.364+0000][8.701s] GC(5) Archive regions: 2->2
[2023-12-21T20:51:16.364+0000][8.701s] GC(5) Humongous regions: 4->4
[2023-12-21T20:51:16.365+0000][8.701s] GC(5) Metaspace: 34794K(35200K)->34794K(35200K) NonClass: 30447K(30656K)->30447K(30656K) Class: 4347K(4544K)->4347K(4544K)
[2023-12-21T20:51:16.365+0000][8.701s] GC(5) Pause Young (Mixed) (G1 Evacuation Pause) 46M->30M(512M) 11.491ms
[2023-12-21T20:51:16.365+0000][8.702s] GC(5) User=0.08s Sys=0.01s Real=0.02s
[2023-12-21T20:51:16.451+0000][8.787s] GC(6) Pause Young (Concurrent Start) (Metadata GC Threshold)
[2023-12-21T20:51:16.451+0000][8.787s] GC(6) Using 10 workers of 10 for evacuation
[2023-12-21T20:51:16.455+0000][8.792s] GC(6)   Pre Evacuate Collection Set: 0.3ms
[2023-12-21T20:51:16.456+0000][8.792s] GC(6)   Merge Heap Roots: 0.2ms
[2023-12-21T20:51:16.456+0000][8.792s] GC(6)   Evacuate Collection Set: 2.0ms
[2023-12-21T20:51:16.456+0000][8.792s] GC(6)   Post Evacuate Collection Set: 1.1ms
[2023-12-21T20:51:16.456+0000][8.793s] GC(6)   Other: 1.0ms
[2023-12-21T20:51:16.457+0000][8.793s] GC(6) Eden regions: 5->0(140)
[2023-12-21T20:51:16.457+0000][8.793s] GC(6) Survivor regions: 2->2(17)
[2023-12-21T20:51:16.457+0000][8.794s] GC(6) Old regions: 24->24
[2023-12-21T20:51:16.458+0000][8.794s] GC(6) Archive regions: 2->2
[2023-12-21T20:51:16.458+0000][8.794s] GC(6) Humongous regions: 4->4
[2023-12-21T20:51:16.458+0000][8.794s] GC(6) Metaspace: 35644K(35968K)->35644K(35968K) NonClass: 31194K(31360K)->31194K(31360K) Class: 4449K(4608K)->4449K(4608K)
[2023-12-21T20:51:16.458+0000][8.795s] GC(6) Pause Young (Concurrent Start) (Metadata GC Threshold) 35M->30M(512M) 7.681ms
[2023-12-21T20:51:16.459+0000][8.795s] GC(6) User=0.02s Sys=0.02s Real=0.01s
[2023-12-21T20:51:16.459+0000][8.795s] GC(7) Concurrent Mark Cycle
[2023-12-21T20:51:16.459+0000][8.796s] GC(7) Concurrent Clear Claimed Marks
[2023-12-21T20:51:16.460+0000][8.796s] GC(7) Concurrent Clear Claimed Marks 0.350ms
[2023-12-21T20:51:16.460+0000][8.796s] GC(7) Concurrent Scan Root Regions
[2023-12-21T20:51:16.462+0000][8.798s] GC(7) Concurrent Scan Root Regions 2.048ms
[2023-12-21T20:51:16.462+0000][8.799s] GC(7) Concurrent Mark
[2023-12-21T20:51:16.463+0000][8.799s] GC(7) Concurrent Mark From Roots
[2023-12-21T20:51:16.463+0000][8.799s] GC(7) Using 3 workers of 3 for marking
[2023-12-21T20:51:16.488+0000][8.824s] GC(7) Concurrent Mark From Roots 24.739ms
[2023-12-21T20:51:16.488+0000][8.824s] GC(7) Concurrent Preclean
[2023-12-21T20:51:16.488+0000][8.825s] GC(7) Concurrent Preclean 0.509ms
[2023-12-21T20:51:16.489+0000][8.825s] GC(7) Pause Remark
[2023-12-21T20:51:16.492+0000][8.829s] GC(7) Pause Remark 32M->32M(512M) 3.537ms
[2023-12-21T20:51:16.493+0000][8.829s] GC(7) User=0.01s Sys=0.00s Real=0.00s
[2023-12-21T20:51:16.493+0000][8.830s] GC(7) Concurrent Mark 30.741ms
[2023-12-21T20:51:16.493+0000][8.830s] GC(7) Concurrent Rebuild Remembered Sets
[2023-12-21T20:51:16.503+0000][8.839s] GC(7) Concurrent Rebuild Remembered Sets 9.486ms
[2023-12-21T20:51:16.504+0000][8.840s] GC(7) Pause Cleanup
[2023-12-21T20:51:16.504+0000][8.841s] GC(7) Pause Cleanup 32M->32M(512M) 0.553ms
[2023-12-21T20:51:16.504+0000][8.841s] GC(7) User=0.01s Sys=0.00s Real=0.01s
[2023-12-21T20:51:16.505+0000][8.841s] GC(7) Concurrent Cleanup for Next Mark
[2023-12-21T20:51:16.506+0000][8.842s] GC(7) Concurrent Cleanup for Next Mark 1.160ms
[2023-12-21T20:51:16.507+0000][8.843s] GC(7) Concurrent Mark Cycle 47.476ms
[2023-12-21T20:51:19.814+0000][12.151s] GC(8) Pause Young (Prepare Mixed) (G1 Evacuation Pause)
[2023-12-21T20:51:19.815+0000][12.151s] GC(8) Using 10 workers of 10 for evacuation
[2023-12-21T20:51:19.825+0000][12.162s] GC(8)   Pre Evacuate Collection Set: 0.4ms
[2023-12-21T20:51:19.826+0000][12.162s] GC(8)   Merge Heap Roots: 0.2ms
[2023-12-21T20:51:19.826+0000][12.163s] GC(8)   Evacuate Collection Set: 8.3ms
[2023-12-21T20:51:19.827+0000][12.163s] GC(8)   Post Evacuate Collection Set: 1.6ms
[2023-12-21T20:51:19.827+0000][12.163s] GC(8)   Other: 0.8ms
[2023-12-21T20:51:19.827+0000][12.163s] GC(8) Eden regions: 140->0(8)
[2023-12-21T20:51:19.827+0000][12.164s] GC(8) Survivor regions: 2->17(18)
[2023-12-21T20:51:19.828+0000][12.164s] GC(8) Old regions: 24->24
[2023-12-21T20:51:19.828+0000][12.164s] GC(8) Archive regions: 2->2
[2023-12-21T20:51:19.828+0000][12.165s] GC(8) Humongous regions: 4->4
[2023-12-21T20:51:19.829+0000][12.165s] GC(8) Metaspace: 49884K(50304K)->49884K(50304K) NonClass: 43512K(43712K)->43512K(43712K) Class: 6372K(6592K)->6372K(6592K)
[2023-12-21T20:51:19.829+0000][12.165s] GC(8) Pause Young (Prepare Mixed) (G1 Evacuation Pause) 170M->44M(512M) 14.708ms
[2023-12-21T20:51:19.829+0000][12.166s] GC(8) User=0.07s Sys=0.01s Real=0.02s
[2023-12-21T20:51:20.120+0000][12.457s] GC(9) Pause Young (Mixed) (G1 Evacuation Pause)
[2023-12-21T20:51:20.121+0000][12.457s] GC(9) Using 10 workers of 10 for evacuation
[2023-12-21T20:51:20.130+0000][12.466s] GC(9)   Pre Evacuate Collection Set: 0.3ms
[2023-12-21T20:51:20.130+0000][12.467s] GC(9)   Merge Heap Roots: 0.2ms
[2023-12-21T20:51:20.131+0000][12.467s] GC(9)   Evacuate Collection Set: 7.4ms
[2023-12-21T20:51:20.131+0000][12.467s] GC(9)   Post Evacuate Collection Set: 1.0ms
[2023-12-21T20:51:20.131+0000][12.468s] GC(9)   Other: 0.8ms
[2023-12-21T20:51:20.131+0000][12.468s] GC(9) Eden regions: 8->0(305)
[2023-12-21T20:51:20.132+0000][12.468s] GC(9) Survivor regions: 17->2(4)
[2023-12-21T20:51:20.132+0000][12.468s] GC(9) Old regions: 24->40
[2023-12-21T20:51:20.132+0000][12.469s] GC(9) Archive regions: 2->2
[2023-12-21T20:51:20.133+0000][12.469s] GC(9) Humongous regions: 4->4
[2023-12-21T20:51:20.133+0000][12.469s] GC(9) Metaspace: 50885K(51456K)->50885K(51456K) NonClass: 44362K(44672K)->44362K(44672K) Class: 6523K(6784K)->6523K(6784K)
[2023-12-21T20:51:20.133+0000][12.470s] GC(9) Pause Young (Mixed) (G1 Evacuation Pause) 52M->46M(512M) 13.172ms
[2023-12-21T20:51:20.134+0000][12.470s] GC(9) User=0.07s Sys=0.00s Real=0.01s
[2023-12-21T21:02:03.762+0000][656.097s] Heap
[2023-12-21T21:02:03.763+0000][656.097s]  garbage-first heap   total 524288K, used 78088K [0x00000000e0000000, 0x0000000100000000)
[2023-12-21T21:02:03.763+0000][656.098s]   region size 1024K, 33 young (33792K), 2 survivors (2048K)
[2023-12-21T21:02:03.763+0000][656.098s]  Metaspace       used 53816K, committed 54272K, reserved 1114112K
[2023-12-21T21:02:03.764+0000][656.098s]   class space    used 6959K, committed 7168K, reserved 1048576K
