[2024-01-26T18:21:12.396+0000][0.257s] Using G1
[2024-01-26T18:21:12.504+0000][0.366s] Version: 17.0.9+9 (release)
[2024-01-26T18:21:12.505+0000][0.366s] CPUs: 12 total, 12 available
[2024-01-26T18:21:12.505+0000][0.366s] Memory: 7643M
[2024-01-26T18:21:12.506+0000][0.367s] Large Page Support: Disabled
[2024-01-26T18:21:12.506+0000][0.367s] NUMA Support: Disabled
[2024-01-26T18:21:12.506+0000][0.367s] Compressed Oops: Enabled (32-bit)
[2024-01-26T18:21:12.507+0000][0.368s] Heap Region Size: 1M
[2024-01-26T18:21:12.507+0000][0.368s] Heap Min Capacity: 512M
[2024-01-26T18:21:12.507+0000][0.368s] Heap Initial Capacity: 512M
[2024-01-26T18:21:12.508+0000][0.369s] Heap Max Capacity: 512M
[2024-01-26T18:21:12.508+0000][0.369s] Pre-touch: Enabled
[2024-01-26T18:21:12.508+0000][0.369s] Parallel Workers: 10
[2024-01-26T18:21:12.508+0000][0.369s] Concurrent Workers: 3
[2024-01-26T18:21:12.509+0000][0.370s] Concurrent Refinement Workers: 10
[2024-01-26T18:21:12.509+0000][0.370s] Periodic GC: Disabled
[2024-01-26T18:21:12.517+0000][0.378s] CDS archive(s) mapped at: [0x00007fb56f000000-0x00007fb56fa5f000-0x00007fb56fa5f000), size 10874880, SharedBaseAddress: 0x00007fb56f000000, ArchiveRelocationMode: 1.
[2024-01-26T18:21:12.517+0000][0.378s] Compressed class space mapped at: 0x00007fb570000000-0x00007fb5b0000000, reserved size: 1073741824
[2024-01-26T18:21:12.517+0000][0.378s] Narrow klass base: 0x00007fb56f000000, Narrow klass shift: 0, Narrow klass range: 0x100000000
[2024-01-26T18:21:15.009+0000][2.870s] GC(0) Pause Young (Normal) (G1 Evacuation Pause)
[2024-01-26T18:21:15.010+0000][2.871s] GC(0) Using 10 workers of 10 for evacuation
[2024-01-26T18:21:15.015+0000][2.876s] GC(0)   Pre Evacuate Collection Set: 0.2ms
[2024-01-26T18:21:15.016+0000][2.877s] GC(0)   Merge Heap Roots: 0.3ms
[2024-01-26T18:21:15.016+0000][2.877s] GC(0)   Evacuate Collection Set: 3.3ms
[2024-01-26T18:21:15.016+0000][2.878s] GC(0)   Post Evacuate Collection Set: 1.3ms
[2024-01-26T18:21:15.017+0000][2.878s] GC(0)   Other: 1.5ms
[2024-01-26T18:21:15.017+0000][2.878s] GC(0) Eden regions: 29->0(57)
[2024-01-26T18:21:15.018+0000][2.879s] GC(0) Survivor regions: 0->4(4)
[2024-01-26T18:21:15.018+0000][2.879s] GC(0) Old regions: 0->1
[2024-01-26T18:21:15.018+0000][2.879s] GC(0) Archive regions: 2->2
[2024-01-26T18:21:15.019+0000][2.880s] GC(0) Humongous regions: 0->0
[2024-01-26T18:21:15.019+0000][2.880s] GC(0) Metaspace: 9850K(10112K)->9850K(10112K) NonClass: 8638K(8768K)->8638K(8768K) Class: 1212K(1344K)->1212K(1344K)
[2024-01-26T18:21:15.019+0000][2.880s] GC(0) Pause Young (Normal) (G1 Evacuation Pause) 29M->5M(512M) 10.012ms
[2024-01-26T18:21:15.019+0000][2.881s] GC(0) User=0.02s Sys=0.02s Real=0.01s
[2024-01-26T18:21:17.515+0000][5.376s] GC(1) Pause Young (Normal) (G1 Evacuation Pause)
[2024-01-26T18:21:17.516+0000][5.377s] GC(1) Using 10 workers of 10 for evacuation
[2024-01-26T18:21:17.529+0000][5.390s] GC(1)   Pre Evacuate Collection Set: 0.3ms
[2024-01-26T18:21:17.530+0000][5.391s] GC(1)   Merge Heap Roots: 0.2ms
[2024-01-26T18:21:17.530+0000][5.391s] GC(1)   Evacuate Collection Set: 10.9ms
[2024-01-26T18:21:17.531+0000][5.392s] GC(1)   Post Evacuate Collection Set: 1.7ms
[2024-01-26T18:21:17.531+0000][5.392s] GC(1)   Other: 1.6ms
[2024-01-26T18:21:17.532+0000][5.393s] GC(1) Eden regions: 57->0(125)
[2024-01-26T18:21:17.532+0000][5.393s] GC(1) Survivor regions: 4->8(8)
[2024-01-26T18:21:17.532+0000][5.393s] GC(1) Old regions: 1->10
[2024-01-26T18:21:17.533+0000][5.394s] GC(1) Archive regions: 2->2
[2024-01-26T18:21:17.533+0000][5.394s] GC(1) Humongous regions: 4->4
[2024-01-26T18:21:17.533+0000][5.394s] GC(1) Metaspace: 17926K(18112K)->17926K(18112K) NonClass: 15713K(15808K)->15713K(15808K) Class: 2213K(2304K)->2213K(2304K)
[2024-01-26T18:21:17.534+0000][5.395s] GC(1) Pause Young (Normal) (G1 Evacuation Pause) 66M->22M(512M) 19.093ms
[2024-01-26T18:21:17.534+0000][5.395s] GC(1) User=0.05s Sys=0.05s Real=0.02s
[2024-01-26T18:21:19.535+0000][7.396s] GC(2) Pause Young (Concurrent Start) (Metadata GC Threshold)
[2024-01-26T18:21:19.535+0000][7.396s] GC(2) Using 10 workers of 10 for evacuation
[2024-01-26T18:21:19.545+0000][7.406s] GC(2)   Pre Evacuate Collection Set: 1.0ms
[2024-01-26T18:21:19.546+0000][7.407s] GC(2)   Merge Heap Roots: 0.2ms
[2024-01-26T18:21:19.546+0000][7.407s] GC(2)   Evacuate Collection Set: 5.8ms
[2024-01-26T18:21:19.546+0000][7.408s] GC(2)   Post Evacuate Collection Set: 1.8ms
[2024-01-26T18:21:19.547+0000][7.408s] GC(2)   Other: 1.8ms
[2024-01-26T18:21:19.547+0000][7.408s] GC(2) Eden regions: 31->0(126)
[2024-01-26T18:21:19.548+0000][7.409s] GC(2) Survivor regions: 8->10(16)
[2024-01-26T18:21:19.548+0000][7.409s] GC(2) Old regions: 10->10
[2024-01-26T18:21:19.548+0000][7.409s] GC(2) Archive regions: 2->2
[2024-01-26T18:21:19.549+0000][7.410s] GC(2) Humongous regions: 5->5
[2024-01-26T18:21:19.549+0000][7.410s] GC(2) Metaspace: 21209K(21504K)->21209K(21504K) NonClass: 18603K(18752K)->18603K(18752K) Class: 2606K(2752K)->2606K(2752K)
[2024-01-26T18:21:19.549+0000][7.411s] GC(2) Pause Young (Concurrent Start) (Metadata GC Threshold) 53M->24M(512M) 14.769ms
[2024-01-26T18:21:19.550+0000][7.411s] GC(2) User=0.03s Sys=0.02s Real=0.01s
[2024-01-26T18:21:19.551+0000][7.412s] GC(3) Concurrent Mark Cycle
[2024-01-26T18:21:19.551+0000][7.412s] GC(3) Concurrent Clear Claimed Marks
[2024-01-26T18:21:19.552+0000][7.413s] GC(3) Concurrent Clear Claimed Marks 0.674ms
[2024-01-26T18:21:19.552+0000][7.413s] GC(3) Concurrent Scan Root Regions
[2024-01-26T18:21:19.558+0000][7.419s] GC(3) Concurrent Scan Root Regions 5.508ms
[2024-01-26T18:21:19.558+0000][7.419s] GC(3) Concurrent Mark
[2024-01-26T18:21:19.559+0000][7.420s] GC(3) Concurrent Mark From Roots
[2024-01-26T18:21:19.559+0000][7.420s] GC(3) Using 3 workers of 3 for marking
[2024-01-26T18:21:19.573+0000][7.434s] GC(3) Concurrent Mark From Roots 14.106ms
[2024-01-26T18:21:19.574+0000][7.435s] GC(3) Concurrent Preclean
[2024-01-26T18:21:19.575+0000][7.436s] GC(3) Concurrent Preclean 1.096ms
[2024-01-26T18:21:19.576+0000][7.437s] GC(3) Pause Remark
[2024-01-26T18:21:19.581+0000][7.442s] GC(3) Pause Remark 26M->26M(512M) 5.185ms
[2024-01-26T18:21:19.581+0000][7.443s] GC(3) User=0.01s Sys=0.01s Real=0.00s
[2024-01-26T18:21:19.582+0000][7.443s] GC(3) Concurrent Mark 23.650ms
[2024-01-26T18:21:19.582+0000][7.443s] GC(3) Concurrent Rebuild Remembered Sets
[2024-01-26T18:21:19.587+0000][7.448s] GC(3) Concurrent Rebuild Remembered Sets 4.943ms
[2024-01-26T18:21:19.588+0000][7.449s] GC(3) Pause Cleanup
[2024-01-26T18:21:19.589+0000][7.450s] GC(3) Pause Cleanup 26M->26M(512M) 0.659ms
[2024-01-26T18:21:19.589+0000][7.450s] GC(3) User=0.01s Sys=0.00s Real=0.00s
[2024-01-26T18:21:19.590+0000][7.451s] GC(3) Concurrent Cleanup for Next Mark
[2024-01-26T18:21:19.592+0000][7.453s] GC(3) Concurrent Cleanup for Next Mark 2.343ms
[2024-01-26T18:21:19.593+0000][7.454s] GC(3) Concurrent Mark Cycle 42.053ms
[2024-01-26T18:21:32.552+0000][20.413s] GC(4) Pause Young (Prepare Mixed) (Metadata GC Threshold)
[2024-01-26T18:21:32.552+0000][20.413s] GC(4) Using 10 workers of 10 for evacuation
[2024-01-26T18:21:32.563+0000][20.424s] GC(4)   Pre Evacuate Collection Set: 0.2ms
[2024-01-26T18:21:32.563+0000][20.424s] GC(4)   Merge Heap Roots: 0.2ms
[2024-01-26T18:21:32.563+0000][20.424s] GC(4)   Evacuate Collection Set: 7.2ms
[2024-01-26T18:21:32.564+0000][20.425s] GC(4)   Post Evacuate Collection Set: 2.2ms
[2024-01-26T18:21:32.564+0000][20.425s] GC(4)   Other: 0.9ms
[2024-01-26T18:21:32.564+0000][20.425s] GC(4) Eden regions: 90->0(11)
[2024-01-26T18:21:32.564+0000][20.425s] GC(4) Survivor regions: 10->14(17)
[2024-01-26T18:21:32.565+0000][20.426s] GC(4) Old regions: 10->13
[2024-01-26T18:21:32.565+0000][20.426s] GC(4) Archive regions: 2->2
[2024-01-26T18:21:32.565+0000][20.426s] GC(4) Humongous regions: 5->4
[2024-01-26T18:21:32.565+0000][20.426s] GC(4) Metaspace: 35637K(35968K)->35637K(35968K) NonClass: 31188K(31360K)->31188K(31360K) Class: 4449K(4608K)->4449K(4608K)
[2024-01-26T18:21:32.566+0000][20.427s] GC(4) Pause Young (Prepare Mixed) (Metadata GC Threshold) 114M->30M(512M) 13.657ms
[2024-01-26T18:21:32.566+0000][20.427s] GC(4) User=0.09s Sys=0.00s Real=0.02s
[2024-01-26T18:21:32.590+0000][20.452s] GC(5) Pause Young (Mixed) (Metadata GC Threshold)
[2024-01-26T18:21:32.591+0000][20.452s] GC(5) Using 10 workers of 10 for evacuation
[2024-01-26T18:21:32.598+0000][20.459s] GC(5)   Pre Evacuate Collection Set: 0.2ms
[2024-01-26T18:21:32.598+0000][20.459s] GC(5)   Merge Heap Roots: 0.2ms
[2024-01-26T18:21:32.598+0000][20.459s] GC(5)   Evacuate Collection Set: 5.3ms
[2024-01-26T18:21:32.599+0000][20.460s] GC(5)   Post Evacuate Collection Set: 1.0ms
[2024-01-26T18:21:32.599+0000][20.460s] GC(5)   Other: 0.9ms
[2024-01-26T18:21:32.599+0000][20.460s] GC(5) Eden regions: 2->0(138)
[2024-01-26T18:21:32.599+0000][20.460s] GC(5) Survivor regions: 14->2(4)
[2024-01-26T18:21:32.600+0000][20.461s] GC(5) Old regions: 13->26
[2024-01-26T18:21:32.600+0000][20.461s] GC(5) Archive regions: 2->2
[2024-01-26T18:21:32.600+0000][20.461s] GC(5) Humongous regions: 4->4
[2024-01-26T18:21:32.600+0000][20.462s] GC(5) Metaspace: 35955K(36288K)->35955K(36288K) NonClass: 31458K(31616K)->31458K(31616K) Class: 4496K(4672K)->4496K(4672K)
[2024-01-26T18:21:32.601+0000][20.462s] GC(5) Pause Young (Mixed) (Metadata GC Threshold) 32M->31M(512M) 10.295ms
[2024-01-26T18:21:32.601+0000][20.462s] GC(5) User=0.04s Sys=0.00s Real=0.01s
[2024-01-26T18:21:32.821+0000][20.682s] GC(6) Pause Young (Concurrent Start) (Metadata GC Threshold)
[2024-01-26T18:21:32.821+0000][20.682s] GC(6) Using 10 workers of 10 for evacuation
[2024-01-26T18:21:32.825+0000][20.686s] GC(6)   Pre Evacuate Collection Set: 0.3ms
[2024-01-26T18:21:32.825+0000][20.686s] GC(6)   Merge Heap Roots: 0.2ms
[2024-01-26T18:21:32.825+0000][20.686s] GC(6)   Evacuate Collection Set: 1.2ms
[2024-01-26T18:21:32.826+0000][20.687s] GC(6)   Post Evacuate Collection Set: 1.0ms
[2024-01-26T18:21:32.826+0000][20.687s] GC(6)   Other: 0.9ms
[2024-01-26T18:21:32.826+0000][20.687s] GC(6) Eden regions: 2->0(151)
[2024-01-26T18:21:32.826+0000][20.687s] GC(6) Survivor regions: 2->1(18)
[2024-01-26T18:21:32.827+0000][20.688s] GC(6) Old regions: 26->26
[2024-01-26T18:21:32.827+0000][20.688s] GC(6) Archive regions: 2->2
[2024-01-26T18:21:32.827+0000][20.688s] GC(6) Humongous regions: 4->4
[2024-01-26T18:21:32.827+0000][20.688s] GC(6) Metaspace: 36246K(36608K)->36246K(36608K) NonClass: 31709K(31872K)->31709K(31872K) Class: 4536K(4736K)->4536K(4736K)
[2024-01-26T18:21:32.828+0000][20.689s] GC(6) Pause Young (Concurrent Start) (Metadata GC Threshold) 33M->30M(512M) 6.650ms
[2024-01-26T18:21:32.828+0000][20.689s] GC(6) User=0.00s Sys=0.01s Real=0.01s
[2024-01-26T18:21:32.828+0000][20.689s] GC(7) Concurrent Mark Cycle
[2024-01-26T18:21:32.829+0000][20.690s] GC(7) Concurrent Clear Claimed Marks
[2024-01-26T18:21:32.829+0000][20.690s] GC(7) Concurrent Clear Claimed Marks 0.364ms
[2024-01-26T18:21:32.829+0000][20.690s] GC(7) Concurrent Scan Root Regions
[2024-01-26T18:21:32.831+0000][20.692s] GC(7) Concurrent Scan Root Regions 1.353ms
[2024-01-26T18:21:32.831+0000][20.692s] GC(7) Concurrent Mark
[2024-01-26T18:21:32.831+0000][20.692s] GC(7) Concurrent Mark From Roots
[2024-01-26T18:21:32.831+0000][20.692s] GC(7) Using 3 workers of 3 for marking
[2024-01-26T18:21:32.852+0000][20.713s] GC(7) Concurrent Mark From Roots 21.113ms
[2024-01-26T18:21:32.853+0000][20.714s] GC(7) Concurrent Preclean
[2024-01-26T18:21:32.853+0000][20.714s] GC(7) Concurrent Preclean 0.456ms
[2024-01-26T18:21:32.854+0000][20.715s] GC(7) Pause Remark
[2024-01-26T18:21:32.857+0000][20.718s] GC(7) Pause Remark 32M->32M(512M) 2.944ms
[2024-01-26T18:21:32.857+0000][20.718s] GC(7) User=0.02s Sys=0.01s Real=0.00s
[2024-01-26T18:21:32.858+0000][20.719s] GC(7) Concurrent Mark 26.670ms
[2024-01-26T18:21:32.858+0000][20.719s] GC(7) Concurrent Rebuild Remembered Sets
[2024-01-26T18:21:32.866+0000][20.727s] GC(7) Concurrent Rebuild Remembered Sets 7.894ms
[2024-01-26T18:21:32.867+0000][20.728s] GC(7) Pause Cleanup
[2024-01-26T18:21:32.867+0000][20.728s] GC(7) Pause Cleanup 32M->32M(512M) 0.431ms
[2024-01-26T18:21:32.867+0000][20.728s] GC(7) User=0.00s Sys=0.00s Real=0.00s
[2024-01-26T18:21:32.868+0000][20.729s] GC(7) Concurrent Cleanup for Next Mark
[2024-01-26T18:21:32.869+0000][20.730s] GC(7) Concurrent Cleanup for Next Mark 1.357ms
[2024-01-26T18:21:32.871+0000][20.732s] GC(7) Concurrent Mark Cycle 42.467ms
[2024-01-26T18:21:36.515+0000][24.376s] GC(8) Pause Young (Prepare Mixed) (G1 Evacuation Pause)
[2024-01-26T18:21:36.515+0000][24.376s] GC(8) Using 10 workers of 10 for evacuation
[2024-01-26T18:21:36.524+0000][24.385s] GC(8)   Pre Evacuate Collection Set: 0.2ms
[2024-01-26T18:21:36.524+0000][24.386s] GC(8)   Merge Heap Roots: 0.2ms
[2024-01-26T18:21:36.525+0000][24.386s] GC(8)   Evacuate Collection Set: 6.3ms
[2024-01-26T18:21:36.525+0000][24.386s] GC(8)   Post Evacuate Collection Set: 1.6ms
[2024-01-26T18:21:36.526+0000][24.387s] GC(8)   Other: 0.9ms
[2024-01-26T18:21:36.526+0000][24.387s] GC(8) Eden regions: 151->0(9)
[2024-01-26T18:21:36.526+0000][24.387s] GC(8) Survivor regions: 1->16(19)
[2024-01-26T18:21:36.527+0000][24.388s] GC(8) Old regions: 26->26
[2024-01-26T18:21:36.527+0000][24.388s] GC(8) Archive regions: 2->2
[2024-01-26T18:21:36.527+0000][24.388s] GC(8) Humongous regions: 4->4
[2024-01-26T18:21:36.528+0000][24.389s] GC(8) Metaspace: 50923K(51456K)->50923K(51456K) NonClass: 44390K(44672K)->44390K(44672K) Class: 6533K(6784K)->6533K(6784K)
[2024-01-26T18:21:36.528+0000][24.389s] GC(8) Pause Young (Prepare Mixed) (G1 Evacuation Pause) 181M->45M(512M) 13.436ms
[2024-01-26T18:21:36.529+0000][24.390s] GC(8) User=0.04s Sys=0.03s Real=0.01s
[2024-01-26T18:29:19.020+0000][150.854s] GC(9) Pause Young (Mixed) (G1 Evacuation Pause)
[2024-01-26T18:29:19.022+0000][150.856s] GC(9) Using 10 workers of 10 for evacuation
[2024-01-26T18:29:19.235+0000][151.069s] GC(9)   Pre Evacuate Collection Set: 4.0ms
[2024-01-26T18:29:19.236+0000][151.070s] GC(9)   Merge Heap Roots: 1.6ms
[2024-01-26T18:29:19.236+0000][151.070s] GC(9)   Evacuate Collection Set: 202.2ms
[2024-01-26T18:29:19.236+0000][151.070s] GC(9)   Post Evacuate Collection Set: 3.4ms
[2024-01-26T18:29:19.237+0000][151.071s] GC(9)   Other: 5.5ms
[2024-01-26T18:29:19.237+0000][151.071s] GC(9) Eden regions: 9->0(304)
[2024-01-26T18:29:19.238+0000][151.072s] GC(9) Survivor regions: 16->3(4)
[2024-01-26T18:29:19.238+0000][151.072s] GC(9) Old regions: 26->40
[2024-01-26T18:29:19.238+0000][151.072s] GC(9) Archive regions: 2->2
[2024-01-26T18:29:19.239+0000][151.072s] GC(9) Humongous regions: 4->4
[2024-01-26T18:29:19.239+0000][151.073s] GC(9) Metaspace: 52859K(53312K)->52859K(53312K) NonClass: 46041K(46272K)->46041K(46272K) Class: 6817K(7040K)->6817K(7040K)
[2024-01-26T18:29:19.239+0000][151.073s] GC(9) Pause Young (Mixed) (G1 Evacuation Pause) 54M->46M(512M) 219.554ms
[2024-01-26T18:29:19.240+0000][151.074s] GC(9) User=0.49s Sys=0.04s Real=0.22s
[2024-01-26T19:20:41.258+0000][3233.169s] Heap
[2024-01-26T19:20:41.260+0000][3233.172s]  garbage-first heap   total 524288K, used 108445K [0x00000000e0000000, 0x0000000100000000)
[2024-01-26T19:20:41.261+0000][3233.172s]   region size 1024K, 62 young (63488K), 3 survivors (3072K)
[2024-01-26T19:20:41.261+0000][3233.172s]  Metaspace       used 56171K, committed 56704K, reserved 1114112K
[2024-01-26T19:20:41.261+0000][3233.173s]   class space    used 7074K, committed 7360K, reserved 1048576K
