[2023-11-26T13:27:41.491+0000][0.096s] Using G1
[2023-11-26T13:27:41.633+0000][0.238s] Version: 17.0.9+9 (release)
[2023-11-26T13:27:41.634+0000][0.239s] CPUs: 12 total, 12 available
[2023-11-26T13:27:41.634+0000][0.239s] Memory: 7643M
[2023-11-26T13:27:41.634+0000][0.239s] Large Page Support: Disabled
[2023-11-26T13:27:41.635+0000][0.240s] NUMA Support: Disabled
[2023-11-26T13:27:41.635+0000][0.240s] Compressed Oops: Enabled (32-bit)
[2023-11-26T13:27:41.635+0000][0.240s] Heap Region Size: 1M
[2023-11-26T13:27:41.635+0000][0.240s] Heap Min Capacity: 512M
[2023-11-26T13:27:41.635+0000][0.240s] Heap Initial Capacity: 512M
[2023-11-26T13:27:41.636+0000][0.241s] Heap Max Capacity: 512M
[2023-11-26T13:27:41.636+0000][0.241s] Pre-touch: Enabled
[2023-11-26T13:27:41.636+0000][0.241s] Parallel Workers: 10
[2023-11-26T13:27:41.636+0000][0.241s] Concurrent Workers: 3
[2023-11-26T13:27:41.636+0000][0.241s] Concurrent Refinement Workers: 10
[2023-11-26T13:27:41.637+0000][0.242s] Periodic GC: Disabled
[2023-11-26T13:27:41.643+0000][0.248s] CDS archive(s) mapped at: [0x00007f5257000000-0x00007f5257a5f000-0x00007f5257a5f000), size 10874880, SharedBaseAddress: 0x00007f5257000000, ArchiveRelocationMode: 1.
[2023-11-26T13:27:41.643+0000][0.248s] Compressed class space mapped at: 0x00007f5258000000-0x00007f5298000000, reserved size: 1073741824
[2023-11-26T13:27:41.644+0000][0.249s] Narrow klass base: 0x00007f5257000000, Narrow klass shift: 0, Narrow klass range: 0x100000000
[2023-11-26T13:27:42.909+0000][1.514s] GC(0) Pause Young (Normal) (G1 Evacuation Pause)
[2023-11-26T13:27:42.909+0000][1.514s] GC(0) Using 10 workers of 10 for evacuation
[2023-11-26T13:27:42.913+0000][1.518s] GC(0)   Pre Evacuate Collection Set: 0.2ms
[2023-11-26T13:27:42.913+0000][1.518s] GC(0)   Merge Heap Roots: 0.2ms
[2023-11-26T13:27:42.913+0000][1.518s] GC(0)   Evacuate Collection Set: 2.1ms
[2023-11-26T13:27:42.914+0000][1.519s] GC(0)   Post Evacuate Collection Set: 0.7ms
[2023-11-26T13:27:42.914+0000][1.519s] GC(0)   Other: 0.6ms
[2023-11-26T13:27:42.914+0000][1.519s] GC(0) Eden regions: 29->0(57)
[2023-11-26T13:27:42.914+0000][1.519s] GC(0) Survivor regions: 0->4(4)
[2023-11-26T13:27:42.915+0000][1.520s] GC(0) Old regions: 0->1
[2023-11-26T13:27:42.915+0000][1.520s] GC(0) Archive regions: 2->2
[2023-11-26T13:27:42.915+0000][1.520s] GC(0) Humongous regions: 0->0
[2023-11-26T13:27:42.916+0000][1.520s] GC(0) Metaspace: 9889K(10176K)->9889K(10176K) NonClass: 8673K(8832K)->8673K(8832K) Class: 1216K(1344K)->1216K(1344K)
[2023-11-26T13:27:42.916+0000][1.521s] GC(0) Pause Young (Normal) (G1 Evacuation Pause) 29M->5M(512M) 6.551ms
[2023-11-26T13:27:42.916+0000][1.521s] GC(0) User=0.02s Sys=0.00s Real=0.01s
[2023-11-26T13:27:44.197+0000][2.802s] GC(1) Pause Young (Normal) (G1 Evacuation Pause)
[2023-11-26T13:27:44.197+0000][2.802s] GC(1) Using 10 workers of 10 for evacuation
[2023-11-26T13:27:44.205+0000][2.809s] GC(1)   Pre Evacuate Collection Set: 0.2ms
[2023-11-26T13:27:44.205+0000][2.810s] GC(1)   Merge Heap Roots: 0.1ms
[2023-11-26T13:27:44.205+0000][2.810s] GC(1)   Evacuate Collection Set: 5.8ms
[2023-11-26T13:27:44.205+0000][2.810s] GC(1)   Post Evacuate Collection Set: 0.8ms
[2023-11-26T13:27:44.206+0000][2.811s] GC(1)   Other: 0.7ms
[2023-11-26T13:27:44.206+0000][2.811s] GC(1) Eden regions: 55->0(128)
[2023-11-26T13:27:44.206+0000][2.811s] GC(1) Survivor regions: 4->8(8)
[2023-11-26T13:27:44.206+0000][2.811s] GC(1) Old regions: 1->9
[2023-11-26T13:27:44.207+0000][2.812s] GC(1) Archive regions: 2->2
[2023-11-26T13:27:44.207+0000][2.812s] GC(1) Humongous regions: 4->4
[2023-11-26T13:27:44.207+0000][2.812s] GC(1) Metaspace: 17948K(18240K)->17948K(18240K) NonClass: 15734K(15936K)->15734K(15936K) Class: 2214K(2304K)->2214K(2304K)
[2023-11-26T13:27:44.208+0000][2.812s] GC(1) Pause Young (Normal) (G1 Evacuation Pause) 64M->21M(512M) 10.576ms
[2023-11-26T13:27:44.208+0000][2.813s] GC(1) User=0.05s Sys=0.01s Real=0.01s
[2023-11-26T13:27:44.696+0000][3.301s] GC(2) Pause Young (Concurrent Start) (Metadata GC Threshold)
[2023-11-26T13:27:44.696+0000][3.301s] GC(2) Using 10 workers of 10 for evacuation
[2023-11-26T13:27:44.701+0000][3.306s] GC(2)   Pre Evacuate Collection Set: 0.3ms
[2023-11-26T13:27:44.701+0000][3.306s] GC(2)   Merge Heap Roots: 0.2ms
[2023-11-26T13:27:44.702+0000][3.307s] GC(2)   Evacuate Collection Set: 3.1ms
[2023-11-26T13:27:44.702+0000][3.307s] GC(2)   Post Evacuate Collection Set: 0.6ms
[2023-11-26T13:27:44.702+0000][3.307s] GC(2)   Other: 1.4ms
[2023-11-26T13:27:44.702+0000][3.307s] GC(2) Eden regions: 33->0(102)
[2023-11-26T13:27:44.703+0000][3.308s] GC(2) Survivor regions: 8->10(16)
[2023-11-26T13:27:44.703+0000][3.308s] GC(2) Old regions: 9->9
[2023-11-26T13:27:44.703+0000][3.308s] GC(2) Archive regions: 2->2
[2023-11-26T13:27:44.703+0000][3.308s] GC(2) Humongous regions: 5->5
[2023-11-26T13:27:44.704+0000][3.309s] GC(2) Metaspace: 21236K(21504K)->21236K(21504K) NonClass: 18629K(18752K)->18629K(18752K) Class: 2607K(2752K)->2607K(2752K)
[2023-11-26T13:27:44.704+0000][3.309s] GC(2) Pause Young (Concurrent Start) (Metadata GC Threshold) 55M->24M(512M) 8.278ms
[2023-11-26T13:27:44.704+0000][3.309s] GC(2) User=0.02s Sys=0.00s Real=0.01s
[2023-11-26T13:27:44.704+0000][3.309s] GC(3) Concurrent Mark Cycle
[2023-11-26T13:27:44.705+0000][3.310s] GC(3) Concurrent Clear Claimed Marks
[2023-11-26T13:27:44.705+0000][3.310s] GC(3) Concurrent Clear Claimed Marks 0.297ms
[2023-11-26T13:27:44.706+0000][3.311s] GC(3) Concurrent Scan Root Regions
[2023-11-26T13:27:44.708+0000][3.313s] GC(3) Concurrent Scan Root Regions 2.285ms
[2023-11-26T13:27:44.708+0000][3.313s] GC(3) Concurrent Mark
[2023-11-26T13:27:44.709+0000][3.314s] GC(3) Concurrent Mark From Roots
[2023-11-26T13:27:44.709+0000][3.314s] GC(3) Using 3 workers of 3 for marking
[2023-11-26T13:27:44.717+0000][3.321s] GC(3) Concurrent Mark From Roots 7.878ms
[2023-11-26T13:27:44.717+0000][3.322s] GC(3) Concurrent Preclean
[2023-11-26T13:27:44.717+0000][3.322s] GC(3) Concurrent Preclean 0.312ms
[2023-11-26T13:27:44.718+0000][3.323s] GC(3) Pause Remark
[2023-11-26T13:27:44.720+0000][3.325s] GC(3) Pause Remark 26M->26M(512M) 2.159ms
[2023-11-26T13:27:44.720+0000][3.325s] GC(3) User=0.01s Sys=0.00s Real=0.01s
[2023-11-26T13:27:44.720+0000][3.325s] GC(3) Concurrent Mark 12.082ms
[2023-11-26T13:27:44.721+0000][3.326s] GC(3) Concurrent Rebuild Remembered Sets
[2023-11-26T13:27:44.723+0000][3.328s] GC(3) Concurrent Rebuild Remembered Sets 2.728ms
[2023-11-26T13:27:44.724+0000][3.329s] GC(3) Pause Cleanup
[2023-11-26T13:27:44.724+0000][3.329s] GC(3) Pause Cleanup 26M->26M(512M) 0.509ms
[2023-11-26T13:27:44.725+0000][3.330s] GC(3) User=0.00s Sys=0.00s Real=0.00s
[2023-11-26T13:27:44.725+0000][3.330s] GC(3) Concurrent Cleanup for Next Mark
[2023-11-26T13:27:44.726+0000][3.331s] GC(3) Concurrent Cleanup for Next Mark 0.942ms
[2023-11-26T13:27:44.726+0000][3.331s] GC(3) Concurrent Mark Cycle 21.841ms
[2023-11-26T13:27:46.468+0000][5.077s] GC(4) Pause Young (Prepare Mixed) (Metadata GC Threshold)
[2023-11-26T13:27:46.468+0000][5.077s] GC(4) Using 10 workers of 10 for evacuation
[2023-11-26T13:27:46.476+0000][5.085s] GC(4)   Pre Evacuate Collection Set: 0.2ms
[2023-11-26T13:27:46.477+0000][5.086s] GC(4)   Merge Heap Roots: 0.1ms
[2023-11-26T13:27:46.477+0000][5.086s] GC(4)   Evacuate Collection Set: 6.5ms
[2023-11-26T13:27:46.477+0000][5.086s] GC(4)   Post Evacuate Collection Set: 1.3ms
[2023-11-26T13:27:46.477+0000][5.086s] GC(4)   Other: 0.6ms
[2023-11-26T13:27:46.477+0000][5.087s] GC(4) Eden regions: 94->0(11)
[2023-11-26T13:27:46.478+0000][5.087s] GC(4) Survivor regions: 10->14(14)
[2023-11-26T13:27:46.478+0000][5.087s] GC(4) Old regions: 9->12
[2023-11-26T13:27:46.478+0000][5.087s] GC(4) Archive regions: 2->2
[2023-11-26T13:27:46.478+0000][5.087s] GC(4) Humongous regions: 5->4
[2023-11-26T13:27:46.479+0000][5.088s] GC(4) Metaspace: 35592K(35968K)->35592K(35968K) NonClass: 31153K(31360K)->31153K(31360K) Class: 4438K(4608K)->4438K(4608K)
[2023-11-26T13:27:46.479+0000][5.088s] GC(4) Pause Young (Prepare Mixed) (Metadata GC Threshold) 118M->30M(512M) 11.061ms
[2023-11-26T13:27:46.479+0000][5.088s] GC(4) User=0.05s Sys=0.01s Real=0.01s
[2023-11-26T13:27:46.494+0000][5.103s] GC(5) Pause Young (Mixed) (Metadata GC Threshold)
[2023-11-26T13:27:46.494+0000][5.103s] GC(5) Using 10 workers of 10 for evacuation
[2023-11-26T13:27:46.500+0000][5.109s] GC(5)   Pre Evacuate Collection Set: 0.2ms
[2023-11-26T13:27:46.500+0000][5.110s] GC(5)   Merge Heap Roots: 0.1ms
[2023-11-26T13:27:46.501+0000][5.110s] GC(5)   Evacuate Collection Set: 4.1ms
[2023-11-26T13:27:46.501+0000][5.110s] GC(5)   Post Evacuate Collection Set: 0.8ms
[2023-11-26T13:27:46.501+0000][5.110s] GC(5)   Other: 0.8ms
[2023-11-26T13:27:46.502+0000][5.111s] GC(5) Eden regions: 2->0(142)
[2023-11-26T13:27:46.502+0000][5.111s] GC(5) Survivor regions: 14->2(4)
[2023-11-26T13:27:46.502+0000][5.111s] GC(5) Old regions: 12->26
[2023-11-26T13:27:46.502+0000][5.111s] GC(5) Archive regions: 2->2
[2023-11-26T13:27:46.503+0000][5.112s] GC(5) Humongous regions: 4->4
[2023-11-26T13:27:46.503+0000][5.112s] GC(5) Metaspace: 35900K(36288K)->35900K(36288K) NonClass: 31417K(31616K)->31417K(31616K) Class: 4482K(4672K)->4482K(4672K)
[2023-11-26T13:27:46.503+0000][5.112s] GC(5) Pause Young (Mixed) (Metadata GC Threshold) 32M->31M(512M) 9.091ms
[2023-11-26T13:27:46.503+0000][5.112s] GC(5) User=0.04s Sys=0.00s Real=0.01s
[2023-11-26T13:27:46.520+0000][5.129s] GC(6) Pause Young (Concurrent Start) (Metadata GC Threshold)
[2023-11-26T13:27:46.520+0000][5.129s] GC(6) Using 10 workers of 10 for evacuation
[2023-11-26T13:27:46.522+0000][5.131s] GC(6)   Pre Evacuate Collection Set: 0.2ms
[2023-11-26T13:27:46.523+0000][5.132s] GC(6)   Merge Heap Roots: 0.1ms
[2023-11-26T13:27:46.523+0000][5.132s] GC(6)   Evacuate Collection Set: 0.8ms
[2023-11-26T13:27:46.523+0000][5.132s] GC(6)   Post Evacuate Collection Set: 0.5ms
[2023-11-26T13:27:46.523+0000][5.132s] GC(6)   Other: 0.6ms
[2023-11-26T13:27:46.524+0000][5.133s] GC(6) Eden regions: 2->0(157)
[2023-11-26T13:27:46.524+0000][5.133s] GC(6) Survivor regions: 2->1(18)
[2023-11-26T13:27:46.524+0000][5.133s] GC(6) Old regions: 26->26
[2023-11-26T13:27:46.524+0000][5.133s] GC(6) Archive regions: 2->2
[2023-11-26T13:27:46.525+0000][5.134s] GC(6) Humongous regions: 4->4
[2023-11-26T13:27:46.525+0000][5.134s] GC(6) Metaspace: 36216K(36608K)->36216K(36608K) NonClass: 31689K(31872K)->31689K(31872K) Class: 4527K(4736K)->4527K(4736K)
[2023-11-26T13:27:46.525+0000][5.134s] GC(6) Pause Young (Concurrent Start) (Metadata GC Threshold) 33M->30M(512M) 5.144ms
[2023-11-26T13:27:46.525+0000][5.134s] GC(6) User=0.02s Sys=0.01s Real=0.00s
[2023-11-26T13:27:46.525+0000][5.135s] GC(7) Concurrent Mark Cycle
[2023-11-26T13:27:46.526+0000][5.135s] GC(7) Concurrent Clear Claimed Marks
[2023-11-26T13:27:46.526+0000][5.135s] GC(7) Concurrent Clear Claimed Marks 0.238ms
[2023-11-26T13:27:46.526+0000][5.135s] GC(7) Concurrent Scan Root Regions
[2023-11-26T13:27:46.527+0000][5.136s] GC(7) Concurrent Scan Root Regions 0.883ms
[2023-11-26T13:27:46.527+0000][5.136s] GC(7) Concurrent Mark
[2023-11-26T13:27:46.527+0000][5.136s] GC(7) Concurrent Mark From Roots
[2023-11-26T13:27:46.528+0000][5.137s] GC(7) Using 3 workers of 3 for marking
[2023-11-26T13:27:46.546+0000][5.155s] GC(7) Concurrent Mark From Roots 18.715ms
[2023-11-26T13:27:46.546+0000][5.155s] GC(7) Concurrent Preclean
[2023-11-26T13:27:46.547+0000][5.156s] GC(7) Concurrent Preclean 0.428ms
[2023-11-26T13:27:46.547+0000][5.156s] GC(7) Pause Remark
[2023-11-26T13:27:46.550+0000][5.159s] GC(7) Pause Remark 32M->32M(512M) 2.569ms
[2023-11-26T13:27:46.550+0000][5.159s] GC(7) User=0.01s Sys=0.00s Real=0.00s
[2023-11-26T13:27:46.550+0000][5.159s] GC(7) Concurrent Mark 23.185ms
[2023-11-26T13:27:46.551+0000][5.160s] GC(7) Concurrent Rebuild Remembered Sets
[2023-11-26T13:27:46.557+0000][5.166s] GC(7) Concurrent Rebuild Remembered Sets 6.819ms
[2023-11-26T13:27:46.558+0000][5.167s] GC(7) Pause Cleanup
[2023-11-26T13:27:46.558+0000][5.167s] GC(7) Pause Cleanup 32M->32M(512M) 0.410ms
[2023-11-26T13:27:46.558+0000][5.168s] GC(7) User=0.00s Sys=0.00s Real=0.00s
[2023-11-26T13:27:46.559+0000][5.168s] GC(7) Concurrent Cleanup for Next Mark
[2023-11-26T13:27:46.560+0000][5.169s] GC(7) Concurrent Cleanup for Next Mark 0.911ms
[2023-11-26T13:27:46.560+0000][5.169s] GC(7) Concurrent Mark Cycle 34.419ms
[2023-11-26T13:28:17.417+0000][36.026s] GC(8) Pause Young (Prepare Mixed) (G1 Evacuation Pause)
[2023-11-26T13:28:17.418+0000][36.027s] GC(8) Using 10 workers of 10 for evacuation
[2023-11-26T13:28:17.426+0000][36.035s] GC(8)   Pre Evacuate Collection Set: 0.2ms
[2023-11-26T13:28:17.426+0000][36.035s] GC(8)   Merge Heap Roots: 0.2ms
[2023-11-26T13:28:17.426+0000][36.035s] GC(8)   Evacuate Collection Set: 6.2ms
[2023-11-26T13:28:17.427+0000][36.035s] GC(8)   Post Evacuate Collection Set: 1.1ms
[2023-11-26T13:28:17.427+0000][36.036s] GC(8)   Other: 0.9ms
[2023-11-26T13:28:17.427+0000][36.036s] GC(8) Eden regions: 157->0(9)
[2023-11-26T13:28:17.427+0000][36.036s] GC(8) Survivor regions: 1->16(20)
[2023-11-26T13:28:17.428+0000][36.037s] GC(8) Old regions: 26->26
[2023-11-26T13:28:17.428+0000][36.037s] GC(8) Archive regions: 2->2
[2023-11-26T13:28:17.428+0000][36.037s] GC(8) Humongous regions: 4->4
[2023-11-26T13:28:17.428+0000][36.037s] GC(8) Metaspace: 52688K(53120K)->52688K(53120K) NonClass: 45900K(46144K)->45900K(46144K) Class: 6787K(6976K)->6787K(6976K)
[2023-11-26T13:28:17.429+0000][36.038s] GC(8) Pause Young (Prepare Mixed) (G1 Evacuation Pause) 187M->45M(512M) 11.310ms
[2023-11-26T13:28:17.429+0000][36.038s] GC(8) User=0.05s Sys=0.01s Real=0.01s
[2023-11-26T13:36:53.524+0000][552.125s] GC(9) Pause Young (Mixed) (G1 Evacuation Pause)
[2023-11-26T13:36:53.525+0000][552.125s] GC(9) Using 10 workers of 10 for evacuation
[2023-11-26T13:36:53.539+0000][552.140s] GC(9)   Pre Evacuate Collection Set: 0.7ms
[2023-11-26T13:36:53.539+0000][552.140s] GC(9)   Merge Heap Roots: 0.4ms
[2023-11-26T13:36:53.540+0000][552.141s] GC(9)   Evacuate Collection Set: 11.0ms
[2023-11-26T13:36:53.540+0000][552.141s] GC(9)   Post Evacuate Collection Set: 1.4ms
[2023-11-26T13:36:53.541+0000][552.142s] GC(9)   Other: 1.8ms
[2023-11-26T13:36:53.541+0000][552.142s] GC(9) Eden regions: 9->0(305)
[2023-11-26T13:36:53.542+0000][552.143s] GC(9) Survivor regions: 16->2(4)
[2023-11-26T13:36:53.542+0000][552.143s] GC(9) Old regions: 26->40
[2023-11-26T13:36:53.543+0000][552.144s] GC(9) Archive regions: 2->2
[2023-11-26T13:36:53.543+0000][552.144s] GC(9) Humongous regions: 4->4
[2023-11-26T13:36:53.544+0000][552.145s] GC(9) Metaspace: 53495K(54016K)->53495K(54016K) NonClass: 46575K(46848K)->46575K(46848K) Class: 6920K(7168K)->6920K(7168K)
[2023-11-26T13:36:53.544+0000][552.145s] GC(9) Pause Young (Mixed) (G1 Evacuation Pause) 54M->46M(512M) 20.469ms
[2023-11-26T13:36:53.545+0000][552.146s] GC(9) User=0.14s Sys=0.00s Real=0.02s
[2023-11-26T13:36:53.584+0000][552.185s] Heap
[2023-11-26T13:36:53.585+0000][552.185s]  garbage-first heap   total 524288K, used 53973K [0x00000000e0000000, 0x0000000100000000)
[2023-11-26T13:36:53.585+0000][552.186s]   region size 1024K, 9 young (9216K), 2 survivors (2048K)
[2023-11-26T13:36:53.585+0000][552.186s]  Metaspace       used 53566K, committed 54016K, reserved 1114112K
[2023-11-26T13:36:53.586+0000][552.187s]   class space    used 6929K, committed 7168K, reserved 1048576K
