[2024-01-04T20:37:55.970+0000][0.090s] Using G1
[2024-01-04T20:37:56.066+0000][0.186s] Version: 17.0.9+9 (release)
[2024-01-04T20:37:56.066+0000][0.186s] CPUs: 12 total, 12 available
[2024-01-04T20:37:56.067+0000][0.187s] Memory: 7643M
[2024-01-04T20:37:56.067+0000][0.187s] Large Page Support: Disabled
[2024-01-04T20:37:56.067+0000][0.187s] NUMA Support: Disabled
[2024-01-04T20:37:56.068+0000][0.188s] Compressed Oops: Enabled (32-bit)
[2024-01-04T20:37:56.068+0000][0.188s] Heap Region Size: 1M
[2024-01-04T20:37:56.068+0000][0.188s] Heap Min Capacity: 512M
[2024-01-04T20:37:56.068+0000][0.188s] Heap Initial Capacity: 512M
[2024-01-04T20:37:56.069+0000][0.189s] Heap Max Capacity: 512M
[2024-01-04T20:37:56.069+0000][0.189s] Pre-touch: Enabled
[2024-01-04T20:37:56.069+0000][0.189s] Parallel Workers: 10
[2024-01-04T20:37:56.069+0000][0.189s] Concurrent Workers: 3
[2024-01-04T20:37:56.070+0000][0.190s] Concurrent Refinement Workers: 10
[2024-01-04T20:37:56.070+0000][0.190s] Periodic GC: Disabled
[2024-01-04T20:37:56.076+0000][0.196s] CDS archive(s) mapped at: [0x00007f8143000000-0x00007f8143a5f000-0x00007f8143a5f000), size 10874880, SharedBaseAddress: 0x00007f8143000000, ArchiveRelocationMode: 1.
[2024-01-04T20:37:56.076+0000][0.196s] Compressed class space mapped at: 0x00007f8144000000-0x00007f8184000000, reserved size: 1073741824
[2024-01-04T20:37:56.077+0000][0.197s] Narrow klass base: 0x00007f8143000000, Narrow klass shift: 0, Narrow klass range: 0x100000000
[2024-01-04T20:37:57.507+0000][1.627s] GC(0) Pause Young (Normal) (G1 Evacuation Pause)
[2024-01-04T20:37:57.507+0000][1.627s] GC(0) Using 10 workers of 10 for evacuation
[2024-01-04T20:37:57.512+0000][1.632s] GC(0)   Pre Evacuate Collection Set: 0.2ms
[2024-01-04T20:37:57.512+0000][1.632s] GC(0)   Merge Heap Roots: 0.2ms
[2024-01-04T20:37:57.512+0000][1.632s] GC(0)   Evacuate Collection Set: 2.5ms
[2024-01-04T20:37:57.512+0000][1.632s] GC(0)   Post Evacuate Collection Set: 0.7ms
[2024-01-04T20:37:57.513+0000][1.633s] GC(0)   Other: 1.6ms
[2024-01-04T20:37:57.513+0000][1.633s] GC(0) Eden regions: 29->0(57)
[2024-01-04T20:37:57.513+0000][1.633s] GC(0) Survivor regions: 0->4(4)
[2024-01-04T20:37:57.513+0000][1.633s] GC(0) Old regions: 0->1
[2024-01-04T20:37:57.514+0000][1.634s] GC(0) Archive regions: 2->2
[2024-01-04T20:37:57.514+0000][1.634s] GC(0) Humongous regions: 0->0
[2024-01-04T20:37:57.514+0000][1.634s] GC(0) Metaspace: 10006K(10304K)->10006K(10304K) NonClass: 8764K(8896K)->8764K(8896K) Class: 1242K(1408K)->1242K(1408K)
[2024-01-04T20:37:57.514+0000][1.634s] GC(0) Pause Young (Normal) (G1 Evacuation Pause) 29M->5M(512M) 7.762ms
[2024-01-04T20:37:57.515+0000][1.635s] GC(0) User=0.03s Sys=0.01s Real=0.01s
[2024-01-04T20:37:58.536+0000][2.656s] GC(1) Pause Young (Normal) (G1 Evacuation Pause)
[2024-01-04T20:37:58.536+0000][2.656s] GC(1) Using 10 workers of 10 for evacuation
[2024-01-04T20:37:58.544+0000][2.664s] GC(1)   Pre Evacuate Collection Set: 0.2ms
[2024-01-04T20:37:58.544+0000][2.664s] GC(1)   Merge Heap Roots: 0.1ms
[2024-01-04T20:37:58.544+0000][2.664s] GC(1)   Evacuate Collection Set: 6.4ms
[2024-01-04T20:37:58.545+0000][2.665s] GC(1)   Post Evacuate Collection Set: 0.9ms
[2024-01-04T20:37:58.545+0000][2.665s] GC(1)   Other: 0.6ms
[2024-01-04T20:37:58.545+0000][2.665s] GC(1) Eden regions: 55->0(170)
[2024-01-04T20:37:58.545+0000][2.665s] GC(1) Survivor regions: 4->8(8)
[2024-01-04T20:37:58.545+0000][2.665s] GC(1) Old regions: 1->9
[2024-01-04T20:37:58.545+0000][2.665s] GC(1) Archive regions: 2->2
[2024-01-04T20:37:58.546+0000][2.666s] GC(1) Humongous regions: 4->4
[2024-01-04T20:37:58.546+0000][2.666s] GC(1) Metaspace: 17932K(18176K)->17932K(18176K) NonClass: 15718K(15872K)->15718K(15872K) Class: 2214K(2304K)->2214K(2304K)
[2024-01-04T20:37:58.546+0000][2.666s] GC(1) Pause Young (Normal) (G1 Evacuation Pause) 64M->21M(512M) 10.446ms
[2024-01-04T20:37:58.546+0000][2.666s] GC(1) User=0.05s Sys=0.00s Real=0.01s
[2024-01-04T20:37:58.985+0000][3.105s] GC(2) Pause Young (Concurrent Start) (Metadata GC Threshold)
[2024-01-04T20:37:58.986+0000][3.106s] GC(2) Using 10 workers of 10 for evacuation
[2024-01-04T20:37:58.993+0000][3.113s] GC(2)   Pre Evacuate Collection Set: 0.2ms
[2024-01-04T20:37:58.993+0000][3.113s] GC(2)   Merge Heap Roots: 0.2ms
[2024-01-04T20:37:58.993+0000][3.113s] GC(2)   Evacuate Collection Set: 5.2ms
[2024-01-04T20:37:58.993+0000][3.113s] GC(2)   Post Evacuate Collection Set: 0.8ms
[2024-01-04T20:37:58.994+0000][3.114s] GC(2)   Other: 0.9ms
[2024-01-04T20:37:58.994+0000][3.114s] GC(2) Eden regions: 33->0(110)
[2024-01-04T20:37:58.994+0000][3.114s] GC(2) Survivor regions: 8->11(18)
[2024-01-04T20:37:58.994+0000][3.114s] GC(2) Old regions: 9->9
[2024-01-04T20:37:58.994+0000][3.115s] GC(2) Archive regions: 2->2
[2024-01-04T20:37:58.995+0000][3.115s] GC(2) Humongous regions: 5->5
[2024-01-04T20:37:58.995+0000][3.115s] GC(2) Metaspace: 21209K(21504K)->21209K(21504K) NonClass: 18602K(18752K)->18602K(18752K) Class: 2607K(2752K)->2607K(2752K)
[2024-01-04T20:37:58.995+0000][3.115s] GC(2) Pause Young (Concurrent Start) (Metadata GC Threshold) 55M->24M(512M) 9.743ms
[2024-01-04T20:37:58.995+0000][3.115s] GC(2) User=0.04s Sys=0.00s Real=0.01s
[2024-01-04T20:37:58.996+0000][3.116s] GC(3) Concurrent Mark Cycle
[2024-01-04T20:37:58.996+0000][3.116s] GC(3) Concurrent Clear Claimed Marks
[2024-01-04T20:37:58.997+0000][3.117s] GC(3) Concurrent Clear Claimed Marks 0.708ms
[2024-01-04T20:37:58.997+0000][3.117s] GC(3) Concurrent Scan Root Regions
[2024-01-04T20:37:59.002+0000][3.123s] GC(3) Concurrent Scan Root Regions 5.569ms
[2024-01-04T20:37:59.003+0000][3.123s] GC(3) Concurrent Mark
[2024-01-04T20:37:59.003+0000][3.123s] GC(3) Concurrent Mark From Roots
[2024-01-04T20:37:59.003+0000][3.123s] GC(3) Using 3 workers of 3 for marking
[2024-01-04T20:37:59.009+0000][3.129s] GC(3) Concurrent Mark From Roots 6.347ms
[2024-01-04T20:37:59.010+0000][3.130s] GC(3) Concurrent Preclean
[2024-01-04T20:37:59.010+0000][3.130s] GC(3) Concurrent Preclean 0.263ms
[2024-01-04T20:37:59.010+0000][3.130s] GC(3) Pause Remark
[2024-01-04T20:37:59.013+0000][3.133s] GC(3) Pause Remark 26M->26M(512M) 2.375ms
[2024-01-04T20:37:59.013+0000][3.133s] GC(3) User=0.01s Sys=0.00s Real=0.00s
[2024-01-04T20:37:59.013+0000][3.133s] GC(3) Concurrent Mark 10.518ms
[2024-01-04T20:37:59.014+0000][3.134s] GC(3) Concurrent Rebuild Remembered Sets
[2024-01-04T20:37:59.017+0000][3.137s] GC(3) Concurrent Rebuild Remembered Sets 3.141ms
[2024-01-04T20:37:59.017+0000][3.137s] GC(3) Pause Cleanup
[2024-01-04T20:37:59.018+0000][3.138s] GC(3) Pause Cleanup 26M->26M(512M) 0.430ms
[2024-01-04T20:37:59.018+0000][3.138s] GC(3) User=0.00s Sys=0.00s Real=0.00s
[2024-01-04T20:37:59.018+0000][3.138s] GC(3) Concurrent Cleanup for Next Mark
[2024-01-04T20:37:59.019+0000][3.139s] GC(3) Concurrent Cleanup for Next Mark 0.849ms
[2024-01-04T20:37:59.019+0000][3.139s] GC(3) Concurrent Mark Cycle 23.623ms
[2024-01-04T20:38:00.735+0000][4.855s] GC(4) Pause Young (Prepare Mixed) (G1 Evacuation Pause)
[2024-01-04T20:38:00.735+0000][4.855s] GC(4) Using 10 workers of 10 for evacuation
[2024-01-04T20:38:00.746+0000][4.866s] GC(4)   Pre Evacuate Collection Set: 0.3ms
[2024-01-04T20:38:00.746+0000][4.866s] GC(4)   Merge Heap Roots: 0.2ms
[2024-01-04T20:38:00.746+0000][4.866s] GC(4)   Evacuate Collection Set: 8.1ms
[2024-01-04T20:38:00.747+0000][4.867s] GC(4)   Post Evacuate Collection Set: 1.7ms
[2024-01-04T20:38:00.747+0000][4.867s] GC(4)   Other: 0.7ms
[2024-01-04T20:38:00.747+0000][4.867s] GC(4) Eden regions: 104->0(10)
[2024-01-04T20:38:00.747+0000][4.867s] GC(4) Survivor regions: 11->15(15)
[2024-01-04T20:38:00.748+0000][4.868s] GC(4) Old regions: 9->11
[2024-01-04T20:38:00.748+0000][4.868s] GC(4) Archive regions: 2->2
[2024-01-04T20:38:00.748+0000][4.868s] GC(4) Humongous regions: 5->4
[2024-01-04T20:38:00.748+0000][4.868s] GC(4) Metaspace: 34588K(35008K)->34588K(35008K) NonClass: 30259K(30464K)->30259K(30464K) Class: 4328K(4544K)->4328K(4544K)
[2024-01-04T20:38:00.748+0000][4.869s] GC(4) Pause Young (Prepare Mixed) (G1 Evacuation Pause) 128M->30M(512M) 13.600ms
[2024-01-04T20:38:00.749+0000][4.869s] GC(4) User=0.05s Sys=0.00s Real=0.01s
[2024-01-04T20:38:00.816+0000][4.936s] GC(5) Pause Young (Mixed) (Metadata GC Threshold)
[2024-01-04T20:38:00.816+0000][4.937s] GC(5) Using 10 workers of 10 for evacuation
[2024-01-04T20:38:00.822+0000][4.942s] GC(5)   Pre Evacuate Collection Set: 0.2ms
[2024-01-04T20:38:00.822+0000][4.943s] GC(5)   Merge Heap Roots: 0.2ms
[2024-01-04T20:38:00.823+0000][4.943s] GC(5)   Evacuate Collection Set: 4.3ms
[2024-01-04T20:38:00.823+0000][4.943s] GC(5)   Post Evacuate Collection Set: 0.7ms
[2024-01-04T20:38:00.823+0000][4.943s] GC(5)   Other: 0.7ms
[2024-01-04T20:38:00.823+0000][4.943s] GC(5) Eden regions: 6->0(151)
[2024-01-04T20:38:00.824+0000][4.944s] GC(5) Survivor regions: 15->2(4)
[2024-01-04T20:38:00.824+0000][4.944s] GC(5) Old regions: 11->25
[2024-01-04T20:38:00.824+0000][4.944s] GC(5) Archive regions: 2->2
[2024-01-04T20:38:00.824+0000][4.944s] GC(5) Humongous regions: 4->4
[2024-01-04T20:38:00.824+0000][4.944s] GC(5) Metaspace: 35657K(35968K)->35657K(35968K) NonClass: 31206K(31360K)->31206K(31360K) Class: 4450K(4608K)->4450K(4608K)
[2024-01-04T20:38:00.825+0000][4.945s] GC(5) Pause Young (Mixed) (Metadata GC Threshold) 36M->31M(512M) 8.590ms
[2024-01-04T20:38:00.825+0000][4.945s] GC(5) User=0.05s Sys=0.00s Real=0.01s
[2024-01-04T20:38:00.835+0000][4.955s] GC(6) Pause Young (Concurrent Start) (Metadata GC Threshold)
[2024-01-04T20:38:00.835+0000][4.955s] GC(6) Using 10 workers of 10 for evacuation
[2024-01-04T20:38:00.837+0000][4.958s] GC(6)   Pre Evacuate Collection Set: 0.2ms
[2024-01-04T20:38:00.838+0000][4.958s] GC(6)   Merge Heap Roots: 0.1ms
[2024-01-04T20:38:00.838+0000][4.958s] GC(6)   Evacuate Collection Set: 1.0ms
[2024-01-04T20:38:00.838+0000][4.958s] GC(6)   Post Evacuate Collection Set: 0.4ms
[2024-01-04T20:38:00.839+0000][4.959s] GC(6)   Other: 0.8ms
[2024-01-04T20:38:00.839+0000][4.959s] GC(6) Eden regions: 2->0(166)
[2024-01-04T20:38:00.839+0000][4.959s] GC(6) Survivor regions: 2->1(20)
[2024-01-04T20:38:00.839+0000][4.959s] GC(6) Old regions: 25->25
[2024-01-04T20:38:00.840+0000][4.960s] GC(6) Archive regions: 2->2
[2024-01-04T20:38:00.840+0000][4.960s] GC(6) Humongous regions: 4->4
[2024-01-04T20:38:00.840+0000][4.960s] GC(6) Metaspace: 35890K(36288K)->35890K(36288K) NonClass: 31407K(31616K)->31407K(31616K) Class: 4483K(4672K)->4483K(4672K)
[2024-01-04T20:38:00.840+0000][4.960s] GC(6) Pause Young (Concurrent Start) (Metadata GC Threshold) 32M->30M(512M) 5.338ms
[2024-01-04T20:38:00.840+0000][4.961s] GC(6) User=0.01s Sys=0.00s Real=0.00s
[2024-01-04T20:38:00.841+0000][4.961s] GC(7) Concurrent Mark Cycle
[2024-01-04T20:38:00.841+0000][4.961s] GC(7) Concurrent Clear Claimed Marks
[2024-01-04T20:38:00.841+0000][4.961s] GC(7) Concurrent Clear Claimed Marks 0.261ms
[2024-01-04T20:38:00.841+0000][4.962s] GC(7) Concurrent Scan Root Regions
[2024-01-04T20:38:00.843+0000][4.963s] GC(7) Concurrent Scan Root Regions 1.061ms
[2024-01-04T20:38:00.843+0000][4.963s] GC(7) Concurrent Mark
[2024-01-04T20:38:00.843+0000][4.963s] GC(7) Concurrent Mark From Roots
[2024-01-04T20:38:00.843+0000][4.963s] GC(7) Using 3 workers of 3 for marking
[2024-01-04T20:38:00.858+0000][4.978s] GC(7) Concurrent Mark From Roots 14.931ms
[2024-01-04T20:38:00.858+0000][4.978s] GC(7) Concurrent Preclean
[2024-01-04T20:38:00.859+0000][4.979s] GC(7) Concurrent Preclean 0.339ms
[2024-01-04T20:38:00.859+0000][4.979s] GC(7) Pause Remark
[2024-01-04T20:38:00.862+0000][4.982s] GC(7) Pause Remark 32M->32M(512M) 2.545ms
[2024-01-04T20:38:00.862+0000][4.982s] GC(7) User=0.01s Sys=0.00s Real=0.00s
[2024-01-04T20:38:00.862+0000][4.982s] GC(7) Concurrent Mark 19.678ms
[2024-01-04T20:38:00.863+0000][4.983s] GC(7) Concurrent Rebuild Remembered Sets
[2024-01-04T20:38:00.868+0000][4.988s] GC(7) Concurrent Rebuild Remembered Sets 5.803ms
[2024-01-04T20:38:00.869+0000][4.989s] GC(7) Pause Cleanup
[2024-01-04T20:38:00.869+0000][4.989s] GC(7) Pause Cleanup 33M->33M(512M) 0.338ms
[2024-01-04T20:38:00.869+0000][4.989s] GC(7) User=0.00s Sys=0.00s Real=0.00s
[2024-01-04T20:38:00.870+0000][4.990s] GC(7) Concurrent Cleanup for Next Mark
[2024-01-04T20:38:00.871+0000][4.991s] GC(7) Concurrent Cleanup for Next Mark 1.022ms
[2024-01-04T20:38:00.871+0000][4.991s] GC(7) Concurrent Mark Cycle 30.217ms
[2024-01-04T20:40:33.962+0000][158.081s] GC(8) Pause Young (Prepare Mixed) (G1 Evacuation Pause)
[2024-01-04T20:40:33.963+0000][158.082s] GC(8) Using 10 workers of 10 for evacuation
[2024-01-04T20:40:33.974+0000][158.093s] GC(8)   Pre Evacuate Collection Set: 0.3ms
[2024-01-04T20:40:33.974+0000][158.094s] GC(8)   Merge Heap Roots: 0.2ms
[2024-01-04T20:40:33.975+0000][158.094s] GC(8)   Evacuate Collection Set: 8.6ms
[2024-01-04T20:40:33.975+0000][158.095s] GC(8)   Post Evacuate Collection Set: 1.3ms
[2024-01-04T20:40:33.976+0000][158.095s] GC(8)   Other: 1.5ms
[2024-01-04T20:40:33.976+0000][158.096s] GC(8) Eden regions: 166->0(8)
[2024-01-04T20:40:33.977+0000][158.096s] GC(8) Survivor regions: 1->17(21)
[2024-01-04T20:40:33.977+0000][158.096s] GC(8) Old regions: 25->25
[2024-01-04T20:40:33.977+0000][158.097s] GC(8) Archive regions: 2->2
[2024-01-04T20:40:33.978+0000][158.097s] GC(8) Humongous regions: 4->4
[2024-01-04T20:40:33.978+0000][158.097s] GC(8) Metaspace: 53001K(53440K)->53001K(53440K) NonClass: 46168K(46400K)->46168K(46400K) Class: 6832K(7040K)->6832K(7040K)
[2024-01-04T20:40:33.978+0000][158.098s] GC(8) Pause Young (Prepare Mixed) (G1 Evacuation Pause) 196M->45M(512M) 16.241ms
[2024-01-04T20:40:33.979+0000][158.098s] GC(8) User=0.08s Sys=0.00s Real=0.02s
[2024-01-04T20:52:16.890+0000][861.007s] GC(9) Pause Young (Mixed) (G1 Evacuation Pause)
[2024-01-04T20:52:16.890+0000][861.007s] GC(9) Using 10 workers of 10 for evacuation
[2024-01-04T20:52:16.915+0000][861.032s] GC(9)   Pre Evacuate Collection Set: 0.3ms
[2024-01-04T20:52:16.915+0000][861.033s] GC(9)   Merge Heap Roots: 0.4ms
[2024-01-04T20:52:16.916+0000][861.033s] GC(9)   Evacuate Collection Set: 21.8ms
[2024-01-04T20:52:16.916+0000][861.033s] GC(9)   Post Evacuate Collection Set: 1.7ms
[2024-01-04T20:52:16.916+0000][861.033s] GC(9)   Other: 1.2ms
[2024-01-04T20:52:16.916+0000][861.034s] GC(9) Eden regions: 8->0(305)
[2024-01-04T20:52:16.917+0000][861.034s] GC(9) Survivor regions: 17->2(4)
[2024-01-04T20:52:16.917+0000][861.034s] GC(9) Old regions: 25->41
[2024-01-04T20:52:16.917+0000][861.035s] GC(9) Archive regions: 2->2
[2024-01-04T20:52:16.918+0000][861.035s] GC(9) Humongous regions: 4->4
[2024-01-04T20:52:16.918+0000][861.035s] GC(9) Metaspace: 53978K(54464K)->53978K(54464K) NonClass: 47018K(47296K)->47018K(47296K) Class: 6960K(7168K)->6960K(7168K)
[2024-01-04T20:52:16.918+0000][861.036s] GC(9) Pause Young (Mixed) (G1 Evacuation Pause) 53M->47M(512M) 28.540ms
[2024-01-04T20:52:16.919+0000][861.036s] GC(9) User=0.23s Sys=0.00s Real=0.03s
[2024-01-04T21:08:12.813+0000][1816.930s] Heap
[2024-01-04T21:08:12.814+0000][1816.931s]  garbage-first heap   total 524288K, used 68011K [0x00000000e0000000, 0x0000000100000000)
[2024-01-04T21:08:12.815+0000][1816.931s]   region size 1024K, 21 young (21504K), 2 survivors (2048K)
[2024-01-04T21:08:12.815+0000][1816.932s]  Metaspace       used 54335K, committed 54848K, reserved 1114112K
[2024-01-04T21:08:12.816+0000][1816.932s]   class space    used 7001K, committed 7232K, reserved 1048576K
