[2024-01-20T11:12:41.901+0000][0.306s] Using G1
[2024-01-20T11:12:42.148+0000][0.553s] Version: 17.0.9+9 (release)
[2024-01-20T11:12:42.150+0000][0.555s] CPUs: 12 total, 12 available
[2024-01-20T11:12:42.155+0000][0.560s] Memory: 7643M
[2024-01-20T11:12:42.156+0000][0.561s] Large Page Support: Disabled
[2024-01-20T11:12:42.159+0000][0.565s] NUMA Support: Disabled
[2024-01-20T11:12:42.160+0000][0.565s] Compressed Oops: Enabled (32-bit)
[2024-01-20T11:12:42.161+0000][0.567s] Heap Region Size: 1M
[2024-01-20T11:12:42.165+0000][0.571s] Heap Min Capacity: 512M
[2024-01-20T11:12:42.166+0000][0.571s] Heap Initial Capacity: 512M
[2024-01-20T11:12:42.168+0000][0.573s] Heap Max Capacity: 512M
[2024-01-20T11:12:42.168+0000][0.574s] Pre-touch: Enabled
[2024-01-20T11:12:42.169+0000][0.574s] Parallel Workers: 10
[2024-01-20T11:12:42.169+0000][0.574s] Concurrent Workers: 3
[2024-01-20T11:12:42.169+0000][0.575s] Concurrent Refinement Workers: 10
[2024-01-20T11:12:42.170+0000][0.575s] Periodic GC: Disabled
[2024-01-20T11:12:42.178+0000][0.584s] CDS archive(s) mapped at: [0x00007f3fc3000000-0x00007f3fc3a5f000-0x00007f3fc3a5f000), size 10874880, SharedBaseAddress: 0x00007f3fc3000000, ArchiveRelocationMode: 1.
[2024-01-20T11:12:42.178+0000][0.584s] Compressed class space mapped at: 0x00007f3fc4000000-0x00007f4004000000, reserved size: 1073741824
[2024-01-20T11:12:42.179+0000][0.584s] Narrow klass base: 0x00007f3fc3000000, Narrow klass shift: 0, Narrow klass range: 0x100000000
[2024-01-20T11:12:46.040+0000][4.445s] GC(0) Pause Young (Normal) (G1 Evacuation Pause)
[2024-01-20T11:12:46.040+0000][4.445s] GC(0) Using 10 workers of 10 for evacuation
[2024-01-20T11:12:46.044+0000][4.450s] GC(0)   Pre Evacuate Collection Set: 0.2ms
[2024-01-20T11:12:46.044+0000][4.450s] GC(0)   Merge Heap Roots: 0.1ms
[2024-01-20T11:12:46.045+0000][4.450s] GC(0)   Evacuate Collection Set: 2.6ms
[2024-01-20T11:12:46.045+0000][4.450s] GC(0)   Post Evacuate Collection Set: 1.0ms
[2024-01-20T11:12:46.045+0000][4.451s] GC(0)   Other: 0.7ms
[2024-01-20T11:12:46.046+0000][4.451s] GC(0) Eden regions: 29->0(57)
[2024-01-20T11:12:46.046+0000][4.451s] GC(0) Survivor regions: 0->4(4)
[2024-01-20T11:12:46.046+0000][4.451s] GC(0) Old regions: 0->1
[2024-01-20T11:12:46.046+0000][4.452s] GC(0) Archive regions: 2->2
[2024-01-20T11:12:46.046+0000][4.452s] GC(0) Humongous regions: 0->0
[2024-01-20T11:12:46.046+0000][4.452s] GC(0) Metaspace: 9956K(10240K)->9956K(10240K) NonClass: 8715K(8832K)->8715K(8832K) Class: 1241K(1408K)->1241K(1408K)
[2024-01-20T11:12:46.047+0000][4.452s] GC(0) Pause Young (Normal) (G1 Evacuation Pause) 29M->5M(512M) 7.135ms
[2024-01-20T11:12:46.047+0000][4.452s] GC(0) User=0.02s Sys=0.01s Real=0.01s
[2024-01-20T11:12:47.345+0000][5.750s] GC(1) Pause Young (Normal) (G1 Evacuation Pause)
[2024-01-20T11:12:47.345+0000][5.750s] GC(1) Using 10 workers of 10 for evacuation
[2024-01-20T11:12:47.355+0000][5.760s] GC(1)   Pre Evacuate Collection Set: 0.3ms
[2024-01-20T11:12:47.355+0000][5.761s] GC(1)   Merge Heap Roots: 0.2ms
[2024-01-20T11:12:47.355+0000][5.761s] GC(1)   Evacuate Collection Set: 8.0ms
[2024-01-20T11:12:47.356+0000][5.761s] GC(1)   Post Evacuate Collection Set: 1.0ms
[2024-01-20T11:12:47.356+0000][5.761s] GC(1)   Other: 0.7ms
[2024-01-20T11:12:47.356+0000][5.762s] GC(1) Eden regions: 55->0(218)
[2024-01-20T11:12:47.357+0000][5.762s] GC(1) Survivor regions: 4->8(8)
[2024-01-20T11:12:47.357+0000][5.762s] GC(1) Old regions: 1->9
[2024-01-20T11:12:47.357+0000][5.762s] GC(1) Archive regions: 2->2
[2024-01-20T11:12:47.357+0000][5.763s] GC(1) Humongous regions: 4->4
[2024-01-20T11:12:47.357+0000][5.763s] GC(1) Metaspace: 17934K(18240K)->17934K(18240K) NonClass: 15720K(15936K)->15720K(15936K) Class: 2214K(2304K)->2214K(2304K)
[2024-01-20T11:12:47.358+0000][5.763s] GC(1) Pause Young (Normal) (G1 Evacuation Pause) 64M->21M(512M) 13.080ms
[2024-01-20T11:12:47.358+0000][5.763s] GC(1) User=0.06s Sys=0.03s Real=0.01s
[2024-01-20T11:12:48.013+0000][6.419s] GC(2) Pause Young (Concurrent Start) (Metadata GC Threshold)
[2024-01-20T11:12:48.013+0000][6.419s] GC(2) Using 10 workers of 10 for evacuation
[2024-01-20T11:12:48.021+0000][6.427s] GC(2)   Pre Evacuate Collection Set: 0.2ms
[2024-01-20T11:12:48.021+0000][6.427s] GC(2)   Merge Heap Roots: 0.2ms
[2024-01-20T11:12:48.022+0000][6.427s] GC(2)   Evacuate Collection Set: 4.1ms
[2024-01-20T11:12:48.022+0000][6.428s] GC(2)   Post Evacuate Collection Set: 0.8ms
[2024-01-20T11:12:48.022+0000][6.428s] GC(2)   Other: 2.9ms
[2024-01-20T11:12:48.023+0000][6.428s] GC(2) Eden regions: 33->0(116)
[2024-01-20T11:12:48.023+0000][6.428s] GC(2) Survivor regions: 8->11(26)
[2024-01-20T11:12:48.023+0000][6.428s] GC(2) Old regions: 9->9
[2024-01-20T11:12:48.023+0000][6.429s] GC(2) Archive regions: 2->2
[2024-01-20T11:12:48.023+0000][6.429s] GC(2) Humongous regions: 5->5
[2024-01-20T11:12:48.024+0000][6.429s] GC(2) Metaspace: 21214K(21504K)->21214K(21504K) NonClass: 18607K(18752K)->18607K(18752K) Class: 2607K(2752K)->2607K(2752K)
[2024-01-20T11:12:48.024+0000][6.430s] GC(2) Pause Young (Concurrent Start) (Metadata GC Threshold) 55M->24M(512M) 10.984ms
[2024-01-20T11:12:48.024+0000][6.430s] GC(2) User=0.03s Sys=0.01s Real=0.01s
[2024-01-20T11:12:48.025+0000][6.430s] GC(3) Concurrent Mark Cycle
[2024-01-20T11:12:48.025+0000][6.430s] GC(3) Concurrent Clear Claimed Marks
[2024-01-20T11:12:48.026+0000][6.431s] GC(3) Concurrent Clear Claimed Marks 0.650ms
[2024-01-20T11:12:48.026+0000][6.431s] GC(3) Concurrent Scan Root Regions
[2024-01-20T11:12:48.030+0000][6.435s] GC(3) Concurrent Scan Root Regions 3.728ms
[2024-01-20T11:12:48.030+0000][6.436s] GC(3) Concurrent Mark
[2024-01-20T11:12:48.030+0000][6.436s] GC(3) Concurrent Mark From Roots
[2024-01-20T11:12:48.031+0000][6.436s] GC(3) Using 3 workers of 3 for marking
[2024-01-20T11:12:48.040+0000][6.445s] GC(3) Concurrent Mark From Roots 9.604ms
[2024-01-20T11:12:48.040+0000][6.446s] GC(3) Concurrent Preclean
[2024-01-20T11:12:48.041+0000][6.446s] GC(3) Concurrent Preclean 0.324ms
[2024-01-20T11:12:48.041+0000][6.446s] GC(3) Pause Remark
[2024-01-20T11:12:48.044+0000][6.450s] GC(3) Pause Remark 25M->25M(512M) 3.398ms
[2024-01-20T11:12:48.045+0000][6.450s] GC(3) User=0.03s Sys=0.00s Real=0.01s
[2024-01-20T11:12:48.045+0000][6.450s] GC(3) Concurrent Mark 14.834ms
[2024-01-20T11:12:48.045+0000][6.451s] GC(3) Concurrent Rebuild Remembered Sets
[2024-01-20T11:12:48.049+0000][6.454s] GC(3) Concurrent Rebuild Remembered Sets 3.571ms
[2024-01-20T11:12:48.049+0000][6.455s] GC(3) Pause Cleanup
[2024-01-20T11:12:48.050+0000][6.455s] GC(3) Pause Cleanup 25M->25M(512M) 0.514ms
[2024-01-20T11:12:48.050+0000][6.456s] GC(3) User=0.01s Sys=0.00s Real=0.00s
[2024-01-20T11:12:48.050+0000][6.456s] GC(3) Concurrent Cleanup for Next Mark
[2024-01-20T11:12:48.051+0000][6.457s] GC(3) Concurrent Cleanup for Next Mark 0.909ms
[2024-01-20T11:12:48.052+0000][6.457s] GC(3) Concurrent Mark Cycle 27.062ms
[2024-01-20T11:12:58.066+0000][16.471s] GC(4) Pause Young (Concurrent Start) (Metadata GC Threshold)
[2024-01-20T11:12:58.066+0000][16.472s] GC(4) Using 10 workers of 10 for evacuation
[2024-01-20T11:12:58.076+0000][16.481s] GC(4)   Pre Evacuate Collection Set: 0.3ms
[2024-01-20T11:12:58.076+0000][16.482s] GC(4)   Merge Heap Roots: 0.2ms
[2024-01-20T11:12:58.077+0000][16.482s] GC(4)   Evacuate Collection Set: 6.9ms
[2024-01-20T11:12:58.077+0000][16.482s] GC(4)   Post Evacuate Collection Set: 1.6ms
[2024-01-20T11:12:58.077+0000][16.483s] GC(4)   Other: 1.1ms
[2024-01-20T11:12:58.077+0000][16.483s] GC(4) Eden regions: 94->0(114)
[2024-01-20T11:12:58.078+0000][16.483s] GC(4) Survivor regions: 11->15(16)
[2024-01-20T11:12:58.078+0000][16.484s] GC(4) Old regions: 9->12
[2024-01-20T11:12:58.078+0000][16.484s] GC(4) Archive regions: 2->2
[2024-01-20T11:12:58.079+0000][16.484s] GC(4) Humongous regions: 5->4
[2024-01-20T11:12:58.079+0000][16.485s] GC(4) Metaspace: 35665K(35968K)->35665K(35968K) NonClass: 31210K(31360K)->31210K(31360K) Class: 4454K(4608K)->4454K(4608K)
[2024-01-20T11:12:58.080+0000][16.485s] GC(4) Pause Young (Concurrent Start) (Metadata GC Threshold) 117M->30M(512M) 13.685ms
[2024-01-20T11:12:58.080+0000][16.485s] GC(4) User=0.06s Sys=0.00s Real=0.01s
[2024-01-20T11:12:58.080+0000][16.486s] GC(5) Concurrent Mark Cycle
[2024-01-20T11:12:58.081+0000][16.486s] GC(5) Concurrent Clear Claimed Marks
[2024-01-20T11:12:58.081+0000][16.487s] GC(5) Concurrent Clear Claimed Marks 0.424ms
[2024-01-20T11:12:58.081+0000][16.487s] GC(5) Concurrent Scan Root Regions
[2024-01-20T11:12:58.085+0000][16.491s] GC(5) Concurrent Scan Root Regions 3.755ms
[2024-01-20T11:12:58.086+0000][16.491s] GC(5) Concurrent Mark
[2024-01-20T11:12:58.086+0000][16.492s] GC(5) Concurrent Mark From Roots
[2024-01-20T11:12:58.086+0000][16.492s] GC(5) Using 3 workers of 3 for marking
[2024-01-20T11:12:58.096+0000][16.502s] GC(5) Concurrent Mark From Roots 10.073ms
[2024-01-20T11:12:58.097+0000][16.502s] GC(5) Concurrent Preclean
[2024-01-20T11:12:58.097+0000][16.503s] GC(5) Concurrent Preclean 0.489ms
[2024-01-20T11:12:58.098+0000][16.503s] GC(5) Pause Remark
[2024-01-20T11:12:58.101+0000][16.506s] GC(5) Pause Remark 32M->32M(512M) 3.085ms
[2024-01-20T11:12:58.101+0000][16.507s] GC(5) User=0.01s Sys=0.00s Real=0.00s
[2024-01-20T11:12:58.102+0000][16.507s] GC(5) Concurrent Mark 15.917ms
[2024-01-20T11:12:58.102+0000][16.507s] GC(5) Concurrent Rebuild Remembered Sets
[2024-01-20T11:12:58.107+0000][16.512s] GC(5) Concurrent Rebuild Remembered Sets 4.626ms
[2024-01-20T11:12:58.107+0000][16.513s] GC(5) Pause Cleanup
[2024-01-20T11:12:58.108+0000][16.513s] GC(5) Pause Cleanup 32M->32M(512M) 0.673ms
[2024-01-20T11:12:58.108+0000][16.514s] GC(5) User=0.00s Sys=0.00s Real=0.00s
[2024-01-20T11:12:58.109+0000][16.514s] GC(5) Concurrent Cleanup for Next Mark
[2024-01-20T11:12:58.110+0000][16.515s] GC(5) Concurrent Cleanup for Next Mark 1.087ms
[2024-01-20T11:12:58.110+0000][16.516s] GC(5) Concurrent Mark Cycle 29.805ms
[2024-01-20T11:13:02.951+0000][21.357s] GC(6) Pause Young (Normal) (G1 Evacuation Pause)
[2024-01-20T11:13:02.952+0000][21.357s] GC(6) Using 10 workers of 10 for evacuation
[2024-01-20T11:13:02.966+0000][21.372s] GC(6)   Pre Evacuate Collection Set: 0.2ms
[2024-01-20T11:13:02.967+0000][21.372s] GC(6)   Merge Heap Roots: 0.2ms
[2024-01-20T11:13:02.967+0000][21.372s] GC(6)   Evacuate Collection Set: 11.7ms
[2024-01-20T11:13:02.967+0000][21.373s] GC(6)   Post Evacuate Collection Set: 1.7ms
[2024-01-20T11:13:02.968+0000][21.373s] GC(6)   Other: 1.0ms
[2024-01-20T11:13:02.968+0000][21.373s] GC(6) Eden regions: 114->0(290)
[2024-01-20T11:13:02.968+0000][21.374s] GC(6) Survivor regions: 15->17(17)
[2024-01-20T11:13:02.969+0000][21.374s] GC(6) Old regions: 12->19
[2024-01-20T11:13:02.969+0000][21.374s] GC(6) Archive regions: 2->2
[2024-01-20T11:13:02.969+0000][21.375s] GC(6) Humongous regions: 4->4
[2024-01-20T11:13:02.969+0000][21.375s] GC(6) Metaspace: 47041K(47488K)->47041K(47488K) NonClass: 41080K(41280K)->41080K(41280K) Class: 5960K(6208K)->5960K(6208K)
[2024-01-20T11:13:02.970+0000][21.375s] GC(6) Pause Young (Normal) (G1 Evacuation Pause) 144M->40M(512M) 18.285ms
[2024-01-20T11:13:02.970+0000][21.376s] GC(6) User=0.12s Sys=0.03s Real=0.02s
[2024-01-21T15:35:12.262+0000][40739.162s] GC(7) Pause Young (Normal) (G1 Evacuation Pause)
[2024-01-21T15:35:15.013+0000][40741.913s] GC(7) Using 10 workers of 10 for evacuation
[2024-01-21T15:35:23.433+0000][40750.551s] GC(7) MMU target violated: 251.0ms (250.0ms/251.0ms)
[2024-01-21T15:35:23.434+0000][40750.553s] GC(7)   Pre Evacuate Collection Set: 1207.9ms
[2024-01-21T15:35:23.435+0000][40750.553s] GC(7)   Merge Heap Roots: 37.8ms
[2024-01-21T15:35:23.435+0000][40750.554s] GC(7)   Evacuate Collection Set: 1162.4ms
[2024-01-21T15:35:23.435+0000][40750.554s] GC(7)   Post Evacuate Collection Set: 79.6ms
[2024-01-21T15:35:23.436+0000][40750.555s] GC(7)   Other: 11426.5ms
[2024-01-21T15:35:23.437+0000][40750.555s] GC(7) Eden regions: 290->0(1)
[2024-01-21T15:35:23.437+0000][40750.556s] GC(7) Survivor regions: 17->25(39)
[2024-01-21T15:35:23.437+0000][40750.556s] GC(7) Old regions: 19->19
[2024-01-21T15:35:23.438+0000][40750.556s] GC(7) Archive regions: 2->2
[2024-01-21T15:35:23.438+0000][40750.557s] GC(7) Humongous regions: 4->4
[2024-01-21T15:35:23.439+0000][40750.557s] GC(7) Metaspace: 58862K(59392K)->58862K(59392K) NonClass: 51559K(51840K)->51559K(51840K) Class: 7303K(7552K)->7303K(7552K)
[2024-01-21T15:35:23.441+0000][40750.560s] GC(7) Pause Young (Normal) (G1 Evacuation Pause) 330M->47M(512M) 11498.518ms
[2024-01-21T15:35:23.442+0000][40750.560s] GC(7) User=9.69s Sys=3.97s Real=11.50s
[2024-01-21T15:35:24.629+0000][40751.748s] GC(8) Pause Young (Normal) (G1 Evacuation Pause)
[2024-01-21T15:35:24.630+0000][40751.748s] GC(8) Using 10 workers of 10 for evacuation
[2024-01-21T15:35:24.870+0000][40751.989s] GC(8)   Pre Evacuate Collection Set: 0.3ms
[2024-01-21T15:35:24.870+0000][40751.989s] GC(8)   Merge Heap Roots: 0.2ms
[2024-01-21T15:35:24.871+0000][40751.989s] GC(8)   Evacuate Collection Set: 199.3ms
[2024-01-21T15:35:24.871+0000][40751.990s] GC(8)   Post Evacuate Collection Set: 39.9ms
[2024-01-21T15:35:24.871+0000][40751.990s] GC(8)   Other: 1.3ms
[2024-01-21T15:35:24.872+0000][40751.990s] GC(8) Eden regions: 1->0(21)
[2024-01-21T15:35:24.872+0000][40751.991s] GC(8) Survivor regions: 25->4(4)
[2024-01-21T15:35:24.872+0000][40751.991s] GC(8) Old regions: 19->42
[2024-01-21T15:35:24.872+0000][40751.991s] GC(8) Archive regions: 2->2
[2024-01-21T15:35:24.873+0000][40751.992s] GC(8) Humongous regions: 4->4
[2024-01-21T15:35:24.873+0000][40751.992s] GC(8) Metaspace: 58963K(59520K)->58963K(59520K) NonClass: 51647K(51904K)->51647K(51904K) Class: 7316K(7616K)->7316K(7616K)
[2024-01-21T15:35:24.874+0000][40751.992s] GC(8) Pause Young (Normal) (G1 Evacuation Pause) 48M->50M(512M) 244.488ms
[2024-01-21T15:35:24.874+0000][40751.993s] GC(8) User=0.35s Sys=0.00s Real=0.25s
[2024-01-21T15:37:56.904+0000][40903.580s] GC(9) Pause Young (Normal) (G1 Evacuation Pause)
[2024-01-21T15:37:56.907+0000][40903.583s] GC(9) Using 10 workers of 10 for evacuation
[2024-01-21T15:37:56.948+0000][40903.624s] GC(9)   Pre Evacuate Collection Set: 8.6ms
[2024-01-21T15:37:56.949+0000][40903.624s] GC(9)   Merge Heap Roots: 1.1ms
[2024-01-21T15:37:56.949+0000][40903.625s] GC(9)   Evacuate Collection Set: 24.2ms
[2024-01-21T15:37:56.949+0000][40903.625s] GC(9)   Post Evacuate Collection Set: 5.1ms
[2024-01-21T15:37:56.950+0000][40903.625s] GC(9)   Other: 6.8ms
[2024-01-21T15:37:56.950+0000][40903.626s] GC(9) Eden regions: 21->0(24)
[2024-01-21T15:37:56.950+0000][40903.626s] GC(9) Survivor regions: 4->1(4)
[2024-01-21T15:37:56.951+0000][40903.626s] GC(9) Old regions: 42->42
[2024-01-21T15:37:56.951+0000][40903.627s] GC(9) Archive regions: 2->2
[2024-01-21T15:37:56.952+0000][40903.627s] GC(9) Humongous regions: 4->4
[2024-01-21T15:37:56.952+0000][40903.628s] GC(9) Metaspace: 59028K(59584K)->59028K(59584K) NonClass: 51712K(51968K)->51712K(51968K) Class: 7316K(7616K)->7316K(7616K)
[2024-01-21T15:37:56.952+0000][40903.628s] GC(9) Pause Young (Normal) (G1 Evacuation Pause) 71M->47M(512M) 48.273ms
[2024-01-21T15:37:56.953+0000][40903.628s] GC(9) User=0.28s Sys=0.00s Real=0.05s
[2024-01-21T15:54:49.520+0000][41916.248s] GC(10) Pause Young (Normal) (G1 Evacuation Pause)
[2024-01-21T15:54:51.076+0000][41917.803s] GC(10) Using 10 workers of 10 for evacuation
[2024-01-21T15:55:16.436+0000][41943.321s] GC(10) MMU target violated: 251.0ms (250.0ms/251.0ms)
[2024-01-21T15:55:16.438+0000][41943.323s] GC(10)   Pre Evacuate Collection Set: 2079.8ms
[2024-01-21T15:55:16.439+0000][41943.324s] GC(10)   Merge Heap Roots: 1198.9ms
[2024-01-21T15:55:16.440+0000][41943.325s] GC(10)   Evacuate Collection Set: 21011.8ms
[2024-01-21T15:55:16.440+0000][41943.325s] GC(10)   Post Evacuate Collection Set: 34.1ms
[2024-01-21T15:55:16.442+0000][41943.327s] GC(10)   Other: 4604.3ms
[2024-01-21T15:55:16.443+0000][41943.328s] GC(10) Eden regions: 24->0(24)
[2024-01-21T15:55:16.444+0000][41943.329s] GC(10) Survivor regions: 1->1(4)
[2024-01-21T15:55:16.444+0000][41943.329s] GC(10) Old regions: 42->42
[2024-01-21T15:55:16.445+0000][41943.330s] GC(10) Archive regions: 2->2
[2024-01-21T15:55:16.445+0000][41943.330s] GC(10) Humongous regions: 4->4
[2024-01-21T15:55:16.446+0000][41943.331s] GC(10) Metaspace: 59042K(59584K)->59042K(59584K) NonClass: 51724K(51968K)->51724K(51968K) Class: 7317K(7616K)->7317K(7616K)
[2024-01-21T15:55:16.449+0000][41943.334s] GC(10) Pause Young (Normal) (G1 Evacuation Pause) 71M->47M(512M) 27086.406ms
[2024-01-21T15:55:16.449+0000][41943.335s] GC(10) User=136.96s Sys=58.77s Real=27.09s
[2024-01-21T16:10:33.450+0000][42860.178s] GC(11) Pause Young (Normal) (G1 Evacuation Pause)
[2024-01-21T16:10:33.462+0000][42860.190s] GC(11) Using 10 workers of 10 for evacuation
[2024-01-21T16:10:33.604+0000][42860.332s] GC(11)   Pre Evacuate Collection Set: 16.6ms
[2024-01-21T16:10:33.605+0000][42860.333s] GC(11)   Merge Heap Roots: 4.9ms
[2024-01-21T16:10:33.605+0000][42860.333s] GC(11)   Evacuate Collection Set: 87.3ms
[2024-01-21T16:10:33.606+0000][42860.333s] GC(11)   Post Evacuate Collection Set: 22.2ms
[2024-01-21T16:10:33.607+0000][42860.335s] GC(11)   Other: 30.8ms
[2024-01-21T16:10:33.608+0000][42860.336s] GC(11) Eden regions: 24->0(24)
[2024-01-21T16:10:33.609+0000][42860.336s] GC(11) Survivor regions: 1->1(4)
[2024-01-21T16:10:33.609+0000][42860.337s] GC(11) Old regions: 42->42
[2024-01-21T16:10:33.609+0000][42860.337s] GC(11) Archive regions: 2->2
[2024-01-21T16:10:33.610+0000][42860.337s] GC(11) Humongous regions: 4->4
[2024-01-21T16:10:33.610+0000][42860.338s] GC(11) Metaspace: 59076K(59712K)->59076K(59712K) NonClass: 51759K(52096K)->51759K(52096K) Class: 7317K(7616K)->7317K(7616K)
[2024-01-21T16:10:33.611+0000][42860.339s] GC(11) Pause Young (Normal) (G1 Evacuation Pause) 71M->47M(512M) 161.617ms
[2024-01-21T16:10:33.612+0000][42860.340s] GC(11) User=0.89s Sys=0.00s Real=0.17s
[2024-01-21T17:21:25.881+0000][47112.926s] GC(12) Pause Young (Normal) (G1 Evacuation Pause)
[2024-01-21T17:21:25.883+0000][47112.928s] GC(12) Using 10 workers of 10 for evacuation
[2024-01-21T17:21:25.938+0000][47112.982s] GC(12)   Pre Evacuate Collection Set: 2.5ms
[2024-01-21T17:21:25.938+0000][47112.983s] GC(12)   Merge Heap Roots: 1.1ms
[2024-01-21T17:21:25.938+0000][47112.983s] GC(12)   Evacuate Collection Set: 45.7ms
[2024-01-21T17:21:25.939+0000][47112.984s] GC(12)   Post Evacuate Collection Set: 3.6ms
[2024-01-21T17:21:25.939+0000][47112.984s] GC(12)   Other: 5.6ms
[2024-01-21T17:21:25.940+0000][47112.985s] GC(12) Eden regions: 24->0(23)
[2024-01-21T17:21:25.940+0000][47112.985s] GC(12) Survivor regions: 1->2(4)
[2024-01-21T17:21:25.940+0000][47112.985s] GC(12) Old regions: 42->42
[2024-01-21T17:21:25.941+0000][47112.985s] GC(12) Archive regions: 2->2
[2024-01-21T17:21:25.941+0000][47112.986s] GC(12) Humongous regions: 4->4
[2024-01-21T17:21:25.941+0000][47112.986s] GC(12) Metaspace: 59139K(59712K)->59139K(59712K) NonClass: 51821K(52096K)->51821K(52096K) Class: 7318K(7616K)->7318K(7616K)
[2024-01-21T17:21:25.941+0000][47112.986s] GC(12) Pause Young (Normal) (G1 Evacuation Pause) 71M->48M(512M) 60.570ms
[2024-01-21T17:21:25.942+0000][47112.987s] GC(12) User=0.24s Sys=0.00s Real=0.06s
[2024-01-21T17:48:44.007+0000][48751.057s] GC(13) Pause Young (Normal) (G1 Evacuation Pause)
[2024-01-21T17:48:44.008+0000][48751.058s] GC(13) Using 10 workers of 10 for evacuation
[2024-01-21T17:48:44.021+0000][48751.070s] GC(13)   Pre Evacuate Collection Set: 1.4ms
[2024-01-21T17:48:44.021+0000][48751.071s] GC(13)   Merge Heap Roots: 0.4ms
[2024-01-21T17:48:44.021+0000][48751.071s] GC(13)   Evacuate Collection Set: 7.2ms
[2024-01-21T17:48:44.021+0000][48751.071s] GC(13)   Post Evacuate Collection Set: 2.6ms
[2024-01-21T17:48:44.021+0000][48751.071s] GC(13)   Other: 2.2ms
[2024-01-21T17:48:44.022+0000][48751.071s] GC(13) Eden regions: 23->0(23)
[2024-01-21T17:48:44.022+0000][48751.071s] GC(13) Survivor regions: 2->2(4)
[2024-01-21T17:48:44.022+0000][48751.071s] GC(13) Old regions: 42->42
[2024-01-21T17:48:44.022+0000][48751.072s] GC(13) Archive regions: 2->2
[2024-01-21T17:48:44.022+0000][48751.072s] GC(13) Humongous regions: 4->4
[2024-01-21T17:48:44.022+0000][48751.072s] GC(13) Metaspace: 59161K(59712K)->59161K(59712K) NonClass: 51843K(52096K)->51843K(52096K) Class: 7318K(7616K)->7318K(7616K)
[2024-01-21T17:48:44.022+0000][48751.072s] GC(13) Pause Young (Normal) (G1 Evacuation Pause) 71M->48M(512M) 14.965ms
[2024-01-21T17:48:44.023+0000][48751.072s] GC(13) User=0.07s Sys=0.02s Real=0.02s
[2024-01-21T18:09:40.640+0000][50007.797s] GC(14) Pause Young (Normal) (G1 Evacuation Pause)
[2024-01-21T18:09:40.645+0000][50007.802s] GC(14) Using 10 workers of 10 for evacuation
[2024-01-21T18:09:40.741+0000][50007.898s] GC(14)   Pre Evacuate Collection Set: 9.0ms
[2024-01-21T18:09:40.741+0000][50007.898s] GC(14)   Merge Heap Roots: 3.1ms
[2024-01-21T18:09:40.741+0000][50007.898s] GC(14)   Evacuate Collection Set: 69.1ms
[2024-01-21T18:09:40.742+0000][50007.899s] GC(14)   Post Evacuate Collection Set: 8.6ms
[2024-01-21T18:09:40.742+0000][50007.899s] GC(14)   Other: 16.2ms
[2024-01-21T18:09:40.743+0000][50007.899s] GC(14) Eden regions: 23->0(23)
[2024-01-21T18:09:40.743+0000][50007.900s] GC(14) Survivor regions: 2->2(4)
[2024-01-21T18:09:40.743+0000][50007.900s] GC(14) Old regions: 42->42
[2024-01-21T18:09:40.743+0000][50007.900s] GC(14) Archive regions: 2->2
[2024-01-21T18:09:40.743+0000][50007.900s] GC(14) Humongous regions: 4->4
[2024-01-21T18:09:40.743+0000][50007.900s] GC(14) Metaspace: 59185K(59776K)->59185K(59776K) NonClass: 51867K(52160K)->51867K(52160K) Class: 7318K(7616K)->7318K(7616K)
[2024-01-21T18:09:40.744+0000][50007.901s] GC(14) Pause Young (Normal) (G1 Evacuation Pause) 71M->48M(512M) 103.888ms
[2024-01-21T18:09:40.744+0000][50007.901s] GC(14) User=0.63s Sys=0.00s Real=0.11s
[2024-01-21T18:59:57.488+0000][53024.629s] GC(15) Pause Young (Normal) (G1 Evacuation Pause)
[2024-01-21T18:59:57.492+0000][53024.632s] GC(15) Using 10 workers of 10 for evacuation
[2024-01-21T18:59:57.530+0000][53024.670s] GC(15)   Pre Evacuate Collection Set: 3.4ms
[2024-01-21T18:59:57.530+0000][53024.671s] GC(15)   Merge Heap Roots: 2.4ms
[2024-01-21T18:59:57.531+0000][53024.671s] GC(15)   Evacuate Collection Set: 24.6ms
[2024-01-21T18:59:57.531+0000][53024.671s] GC(15)   Post Evacuate Collection Set: 5.6ms
[2024-01-21T18:59:57.531+0000][53024.671s] GC(15)   Other: 9.8ms
[2024-01-21T18:59:57.531+0000][53024.672s] GC(15) Eden regions: 23->0(23)
[2024-01-21T18:59:57.532+0000][53024.672s] GC(15) Survivor regions: 2->2(4)
[2024-01-21T18:59:57.532+0000][53024.672s] GC(15) Old regions: 42->42
[2024-01-21T18:59:57.532+0000][53024.672s] GC(15) Archive regions: 2->2
[2024-01-21T18:59:57.533+0000][53024.673s] GC(15) Humongous regions: 4->4
[2024-01-21T18:59:57.533+0000][53024.673s] GC(15) Metaspace: 59229K(59776K)->59229K(59776K) NonClass: 51910K(52160K)->51910K(52160K) Class: 7318K(7616K)->7318K(7616K)
[2024-01-21T18:59:57.534+0000][53024.674s] GC(15) Pause Young (Normal) (G1 Evacuation Pause) 71M->48M(512M) 45.150ms
[2024-01-21T18:59:57.534+0000][53024.674s] GC(15) User=0.27s Sys=0.00s Real=0.04s
[2024-01-21T21:09:43.692+0000][58359.252s] GC(16) Pause Young (Normal) (G1 Evacuation Pause)
[2024-01-21T21:09:43.694+0000][58359.253s] GC(16) Using 10 workers of 10 for evacuation
[2024-01-21T21:09:43.760+0000][58359.319s] GC(16)   Pre Evacuate Collection Set: 3.6ms
[2024-01-21T21:09:43.760+0000][58359.319s] GC(16)   Merge Heap Roots: 30.0ms
[2024-01-21T21:09:43.760+0000][58359.320s] GC(16)   Evacuate Collection Set: 25.9ms
[2024-01-21T21:09:43.761+0000][58359.320s] GC(16)   Post Evacuate Collection Set: 4.5ms
[2024-01-21T21:09:43.761+0000][58359.320s] GC(16)   Other: 5.1ms
[2024-01-21T21:09:43.761+0000][58359.320s] GC(16) Eden regions: 23->0(23)
[2024-01-21T21:09:43.761+0000][58359.321s] GC(16) Survivor regions: 2->2(4)
[2024-01-21T21:09:43.761+0000][58359.321s] GC(16) Old regions: 42->42
[2024-01-21T21:09:43.762+0000][58359.321s] GC(16) Archive regions: 2->2
[2024-01-21T21:09:43.762+0000][58359.321s] GC(16) Humongous regions: 4->4
[2024-01-21T21:09:43.762+0000][58359.321s] GC(16) Metaspace: 59255K(59840K)->59255K(59840K) NonClass: 51936K(52224K)->51936K(52224K) Class: 7318K(7616K)->7318K(7616K)
[2024-01-21T21:09:43.763+0000][58359.322s] GC(16) Pause Young (Normal) (G1 Evacuation Pause) 71M->48M(512M) 70.122ms
[2024-01-21T21:09:43.763+0000][58359.322s] GC(16) User=0.20s Sys=0.00s Real=0.07s
[2024-01-21T21:20:59.544+0000][59035.104s] GC(17) Pause Young (Normal) (G1 Evacuation Pause)
[2024-01-21T21:20:59.546+0000][59035.106s] GC(17) Using 10 workers of 10 for evacuation
[2024-01-21T21:20:59.577+0000][59035.137s] GC(17)   Pre Evacuate Collection Set: 3.3ms
[2024-01-21T21:20:59.577+0000][59035.137s] GC(17)   Merge Heap Roots: 1.0ms
[2024-01-21T21:20:59.578+0000][59035.138s] GC(17)   Evacuate Collection Set: 20.6ms
[2024-01-21T21:20:59.578+0000][59035.138s] GC(17)   Post Evacuate Collection Set: 5.2ms
[2024-01-21T21:20:59.578+0000][59035.138s] GC(17)   Other: 4.5ms
[2024-01-21T21:20:59.578+0000][59035.138s] GC(17) Eden regions: 23->0(23)
[2024-01-21T21:20:59.578+0000][59035.138s] GC(17) Survivor regions: 2->2(4)
[2024-01-21T21:20:59.578+0000][59035.138s] GC(17) Old regions: 42->42
[2024-01-21T21:20:59.579+0000][59035.139s] GC(17) Archive regions: 2->2
[2024-01-21T21:20:59.579+0000][59035.139s] GC(17) Humongous regions: 4->4
[2024-01-21T21:20:59.579+0000][59035.139s] GC(17) Metaspace: 59277K(59904K)->59277K(59904K) NonClass: 51959K(52288K)->51959K(52288K) Class: 7318K(7616K)->7318K(7616K)
[2024-01-21T21:20:59.579+0000][59035.139s] GC(17) Pause Young (Normal) (G1 Evacuation Pause) 71M->48M(512M) 35.224ms
[2024-01-21T21:20:59.580+0000][59035.140s] GC(17) User=0.23s Sys=0.00s Real=0.04s
[2024-01-21T21:30:49.392+0000][59624.953s] GC(18) Pause Young (Normal) (G1 Evacuation Pause)
[2024-01-21T21:30:49.394+0000][59624.954s] GC(18) Using 10 workers of 10 for evacuation
[2024-01-21T21:30:49.491+0000][59625.052s] GC(18)   Pre Evacuate Collection Set: 4.0ms
[2024-01-21T21:30:49.491+0000][59625.052s] GC(18)   Merge Heap Roots: 21.5ms
[2024-01-21T21:30:49.492+0000][59625.052s] GC(18)   Evacuate Collection Set: 56.0ms
[2024-01-21T21:30:49.492+0000][59625.052s] GC(18)   Post Evacuate Collection Set: 7.8ms
[2024-01-21T21:30:49.492+0000][59625.053s] GC(18)   Other: 11.0ms
[2024-01-21T21:30:49.492+0000][59625.053s] GC(18) Eden regions: 23->0(23)
[2024-01-21T21:30:49.493+0000][59625.054s] GC(18) Survivor regions: 2->2(4)
[2024-01-21T21:30:49.493+0000][59625.054s] GC(18) Old regions: 42->42
[2024-01-21T21:30:49.493+0000][59625.054s] GC(18) Archive regions: 2->2
[2024-01-21T21:30:49.494+0000][59625.054s] GC(18) Humongous regions: 4->4
[2024-01-21T21:30:49.494+0000][59625.054s] GC(18) Metaspace: 59301K(59904K)->59301K(59904K) NonClass: 51980K(52288K)->51980K(52288K) Class: 7320K(7616K)->7320K(7616K)
[2024-01-21T21:30:49.494+0000][59625.055s] GC(18) Pause Young (Normal) (G1 Evacuation Pause) 71M->48M(512M) 101.829ms
[2024-01-21T21:30:49.494+0000][59625.055s] GC(18) User=0.58s Sys=0.00s Real=0.10s
[2024-01-21T22:04:39.424+0000][61654.965s] GC(19) Pause Young (Normal) (G1 Evacuation Pause)
[2024-01-21T22:04:39.433+0000][61654.974s] GC(19) Using 10 workers of 10 for evacuation
[2024-01-21T22:04:39.676+0000][61655.217s] GC(19)   Pre Evacuate Collection Set: 29.8ms
[2024-01-21T22:04:39.676+0000][61655.217s] GC(19)   Merge Heap Roots: 6.4ms
[2024-01-21T22:04:39.677+0000][61655.217s] GC(19)   Evacuate Collection Set: 174.3ms
[2024-01-21T22:04:39.677+0000][61655.218s] GC(19)   Post Evacuate Collection Set: 21.5ms
[2024-01-21T22:04:39.677+0000][61655.218s] GC(19)   Other: 29.5ms
[2024-01-21T22:04:39.678+0000][61655.219s] GC(19) Eden regions: 23->0(23)
[2024-01-21T22:04:39.679+0000][61655.219s] GC(19) Survivor regions: 2->2(4)
[2024-01-21T22:04:39.679+0000][61655.220s] GC(19) Old regions: 42->42
[2024-01-21T22:04:39.679+0000][61655.220s] GC(19) Archive regions: 2->2
[2024-01-21T22:04:39.679+0000][61655.220s] GC(19) Humongous regions: 4->4
[2024-01-21T22:04:39.680+0000][61655.221s] GC(19) Metaspace: 59316K(59904K)->59316K(59904K) NonClass: 51995K(52288K)->51995K(52288K) Class: 7320K(7616K)->7320K(7616K)
[2024-01-21T22:04:39.682+0000][61655.223s] GC(19) Pause Young (Normal) (G1 Evacuation Pause) 71M->48M(512M) 258.441ms
[2024-01-21T22:04:39.682+0000][61655.223s] GC(19) User=1.45s Sys=0.00s Real=0.26s
[2024-01-21T22:06:34.036+0000][61769.581s] Heap
[2024-01-21T22:06:34.038+0000][61769.583s]  garbage-first heap   total 524288K, used 59749K [0x00000000e0000000, 0x0000000100000000)
[2024-01-21T22:06:34.039+0000][61769.584s]   region size 1024K, 13 young (13312K), 2 survivors (2048K)
[2024-01-21T22:06:34.039+0000][61769.584s]  Metaspace       used 59461K, committed 60032K, reserved 1114112K
[2024-01-21T22:06:34.039+0000][61769.584s]   class space    used 7343K, committed 7616K, reserved 1048576K
