[2024-01-10T16:12:00.765+0000][0.183s] Using G1
[2024-01-10T16:12:01.040+0000][0.458s] Version: 17.0.9+9 (release)
[2024-01-10T16:12:01.040+0000][0.458s] CPUs: 12 total, 12 available
[2024-01-10T16:12:01.041+0000][0.459s] Memory: 7643M
[2024-01-10T16:12:01.041+0000][0.459s] Large Page Support: Disabled
[2024-01-10T16:12:01.042+0000][0.460s] NUMA Support: Disabled
[2024-01-10T16:12:01.042+0000][0.460s] Compressed Oops: Enabled (32-bit)
[2024-01-10T16:12:01.042+0000][0.461s] Heap Region Size: 1M
[2024-01-10T16:12:01.043+0000][0.461s] Heap Min Capacity: 512M
[2024-01-10T16:12:01.043+0000][0.461s] Heap Initial Capacity: 512M
[2024-01-10T16:12:01.052+0000][0.470s] Heap Max Capacity: 512M
[2024-01-10T16:12:01.053+0000][0.471s] Pre-touch: Enabled
[2024-01-10T16:12:01.053+0000][0.471s] Parallel Workers: 10
[2024-01-10T16:12:01.054+0000][0.472s] Concurrent Workers: 3
[2024-01-10T16:12:01.054+0000][0.472s] Concurrent Refinement Workers: 10
[2024-01-10T16:12:01.054+0000][0.473s] Periodic GC: Disabled
[2024-01-10T16:12:01.061+0000][0.479s] CDS archive(s) mapped at: [0x00007f0847000000-0x00007f0847a5f000-0x00007f0847a5f000), size 10874880, SharedBaseAddress: 0x00007f0847000000, ArchiveRelocationMode: 1.
[2024-01-10T16:12:01.061+0000][0.479s] Compressed class space mapped at: 0x00007f0848000000-0x00007f0888000000, reserved size: 1073741824
[2024-01-10T16:12:01.062+0000][0.480s] Narrow klass base: 0x00007f0847000000, Narrow klass shift: 0, Narrow klass range: 0x100000000
[2024-01-10T16:12:03.328+0000][2.746s] GC(0) Pause Young (Normal) (G1 Evacuation Pause)
[2024-01-10T16:12:03.329+0000][2.747s] GC(0) Using 10 workers of 10 for evacuation
[2024-01-10T16:12:03.344+0000][2.762s] GC(0)   Pre Evacuate Collection Set: 0.2ms
[2024-01-10T16:12:03.344+0000][2.763s] GC(0)   Merge Heap Roots: 0.2ms
[2024-01-10T16:12:03.345+0000][2.763s] GC(0)   Evacuate Collection Set: 12.9ms
[2024-01-10T16:12:03.346+0000][2.764s] GC(0)   Post Evacuate Collection Set: 1.5ms
[2024-01-10T16:12:03.346+0000][2.764s] GC(0)   Other: 0.9ms
[2024-01-10T16:12:03.346+0000][2.764s] GC(0) Eden regions: 29->0(57)
[2024-01-10T16:12:03.347+0000][2.765s] GC(0) Survivor regions: 0->4(4)
[2024-01-10T16:12:03.347+0000][2.765s] GC(0) Old regions: 0->1
[2024-01-10T16:12:03.347+0000][2.765s] GC(0) Archive regions: 2->2
[2024-01-10T16:12:03.352+0000][2.771s] GC(0) Humongous regions: 0->0
[2024-01-10T16:12:03.356+0000][2.774s] GC(0) Metaspace: 9883K(10112K)->9883K(10112K) NonClass: 8668K(8768K)->8668K(8768K) Class: 1215K(1344K)->1215K(1344K)
[2024-01-10T16:12:03.360+0000][2.779s] GC(0) Pause Young (Normal) (G1 Evacuation Pause) 29M->5M(512M) 32.094ms
[2024-01-10T16:12:03.363+0000][2.781s] GC(0) User=0.04s Sys=0.01s Real=0.04s
[2024-01-10T16:12:05.024+0000][4.443s] GC(1) Pause Young (Normal) (G1 Evacuation Pause)
[2024-01-10T16:12:05.025+0000][4.443s] GC(1) Using 10 workers of 10 for evacuation
[2024-01-10T16:12:05.032+0000][4.450s] GC(1)   Pre Evacuate Collection Set: 0.2ms
[2024-01-10T16:12:05.032+0000][4.450s] GC(1)   Merge Heap Roots: 0.1ms
[2024-01-10T16:12:05.032+0000][4.450s] GC(1)   Evacuate Collection Set: 5.5ms
[2024-01-10T16:12:05.032+0000][4.451s] GC(1)   Post Evacuate Collection Set: 1.0ms
[2024-01-10T16:12:05.033+0000][4.451s] GC(1)   Other: 0.7ms
[2024-01-10T16:12:05.033+0000][4.451s] GC(1) Eden regions: 54->0(123)
[2024-01-10T16:12:05.033+0000][4.451s] GC(1) Survivor regions: 4->8(8)
[2024-01-10T16:12:05.033+0000][4.452s] GC(1) Old regions: 1->9
[2024-01-10T16:12:05.034+0000][4.452s] GC(1) Archive regions: 2->2
[2024-01-10T16:12:05.034+0000][4.452s] GC(1) Humongous regions: 4->4
[2024-01-10T16:12:05.034+0000][4.452s] GC(1) Metaspace: 17922K(18176K)->17922K(18176K) NonClass: 15707K(15872K)->15707K(15872K) Class: 2214K(2304K)->2214K(2304K)
[2024-01-10T16:12:05.034+0000][4.453s] GC(1) Pause Young (Normal) (G1 Evacuation Pause) 63M->21M(512M) 9.964ms
[2024-01-10T16:12:05.035+0000][4.453s] GC(1) User=0.05s Sys=0.01s Real=0.01s
[2024-01-10T16:12:05.586+0000][5.004s] GC(2) Pause Young (Concurrent Start) (Metadata GC Threshold)
[2024-01-10T16:12:05.586+0000][5.004s] GC(2) Using 10 workers of 10 for evacuation
[2024-01-10T16:12:05.592+0000][5.010s] GC(2)   Pre Evacuate Collection Set: 0.2ms
[2024-01-10T16:12:05.592+0000][5.010s] GC(2)   Merge Heap Roots: 0.1ms
[2024-01-10T16:12:05.592+0000][5.011s] GC(2)   Evacuate Collection Set: 4.1ms
[2024-01-10T16:12:05.593+0000][5.011s] GC(2)   Post Evacuate Collection Set: 0.8ms
[2024-01-10T16:12:05.593+0000][5.011s] GC(2)   Other: 0.9ms
[2024-01-10T16:12:05.593+0000][5.011s] GC(2) Eden regions: 34->0(170)
[2024-01-10T16:12:05.593+0000][5.012s] GC(2) Survivor regions: 8->8(13)
[2024-01-10T16:12:05.594+0000][5.012s] GC(2) Old regions: 9->12
[2024-01-10T16:12:05.594+0000][5.012s] GC(2) Archive regions: 2->2
[2024-01-10T16:12:05.594+0000][5.012s] GC(2) Humongous regions: 5->5
[2024-01-10T16:12:05.594+0000][5.013s] GC(2) Metaspace: 21205K(21504K)->21205K(21504K) NonClass: 18597K(18752K)->18597K(18752K) Class: 2607K(2752K)->2607K(2752K)
[2024-01-10T16:12:05.595+0000][5.013s] GC(2) Pause Young (Concurrent Start) (Metadata GC Threshold) 55M->24M(512M) 8.830ms
[2024-01-10T16:12:05.595+0000][5.013s] GC(2) User=0.03s Sys=0.01s Real=0.01s
[2024-01-10T16:12:05.595+0000][5.013s] GC(3) Concurrent Mark Cycle
[2024-01-10T16:12:05.595+0000][5.014s] GC(3) Concurrent Clear Claimed Marks
[2024-01-10T16:12:05.596+0000][5.014s] GC(3) Concurrent Clear Claimed Marks 0.278ms
[2024-01-10T16:12:05.596+0000][5.014s] GC(3) Concurrent Scan Root Regions
[2024-01-10T16:12:05.598+0000][5.017s] GC(3) Concurrent Scan Root Regions 2.230ms
[2024-01-10T16:12:05.599+0000][5.017s] GC(3) Concurrent Mark
[2024-01-10T16:12:05.599+0000][5.017s] GC(3) Concurrent Mark From Roots
[2024-01-10T16:12:05.599+0000][5.017s] GC(3) Using 3 workers of 3 for marking
[2024-01-10T16:12:05.606+0000][5.024s] GC(3) Concurrent Mark From Roots 7.012ms
[2024-01-10T16:12:05.606+0000][5.025s] GC(3) Concurrent Preclean
[2024-01-10T16:12:05.607+0000][5.025s] GC(3) Concurrent Preclean 0.289ms
[2024-01-10T16:12:05.607+0000][5.025s] GC(3) Pause Remark
[2024-01-10T16:12:05.609+0000][5.028s] GC(3) Pause Remark 26M->26M(512M) 2.267ms
[2024-01-10T16:12:05.610+0000][5.028s] GC(3) User=0.00s Sys=0.00s Real=0.00s
[2024-01-10T16:12:05.610+0000][5.028s] GC(3) Concurrent Mark 11.256ms
[2024-01-10T16:12:05.610+0000][5.028s] GC(3) Concurrent Rebuild Remembered Sets
[2024-01-10T16:12:05.614+0000][5.032s] GC(3) Concurrent Rebuild Remembered Sets 3.565ms
[2024-01-10T16:12:05.614+0000][5.033s] GC(3) Pause Cleanup
[2024-01-10T16:12:05.615+0000][5.033s] GC(3) Pause Cleanup 26M->26M(512M) 0.466ms
[2024-01-10T16:12:05.615+0000][5.033s] GC(3) User=0.00s Sys=0.00s Real=0.00s
[2024-01-10T16:12:05.615+0000][5.034s] GC(3) Concurrent Cleanup for Next Mark
[2024-01-10T16:12:05.617+0000][5.035s] GC(3) Concurrent Cleanup for Next Mark 1.288ms
[2024-01-10T16:12:05.617+0000][5.035s] GC(3) Concurrent Mark Cycle 21.910ms
[2024-01-10T16:12:12.664+0000][12.083s] GC(4) Pause Young (Prepare Mixed) (Metadata GC Threshold)
[2024-01-10T16:12:12.665+0000][12.083s] GC(4) Using 10 workers of 10 for evacuation
[2024-01-10T16:12:12.676+0000][12.094s] GC(4)   Pre Evacuate Collection Set: 0.3ms
[2024-01-10T16:12:12.676+0000][12.094s] GC(4)   Merge Heap Roots: 0.1ms
[2024-01-10T16:12:12.676+0000][12.094s] GC(4)   Evacuate Collection Set: 8.1ms
[2024-01-10T16:12:12.676+0000][12.095s] GC(4)   Post Evacuate Collection Set: 1.7ms
[2024-01-10T16:12:12.677+0000][12.095s] GC(4)   Other: 0.9ms
[2024-01-10T16:12:12.677+0000][12.095s] GC(4) Eden regions: 103->0(11)
[2024-01-10T16:12:12.677+0000][12.095s] GC(4) Survivor regions: 8->14(25)
[2024-01-10T16:12:12.677+0000][12.096s] GC(4) Old regions: 12->12
[2024-01-10T16:12:12.678+0000][12.096s] GC(4) Archive regions: 2->2
[2024-01-10T16:12:12.678+0000][12.096s] GC(4) Humongous regions: 5->4
[2024-01-10T16:12:12.678+0000][12.096s] GC(4) Metaspace: 35619K(35968K)->35619K(35968K) NonClass: 31172K(31360K)->31172K(31360K) Class: 4447K(4608K)->4447K(4608K)
[2024-01-10T16:12:12.678+0000][12.097s] GC(4) Pause Young (Prepare Mixed) (Metadata GC Threshold) 127M->30M(512M) 14.114ms
[2024-01-10T16:12:12.679+0000][12.097s] GC(4) User=0.08s Sys=0.00s Real=0.01s
[2024-01-10T16:12:12.709+0000][12.127s] GC(5) Pause Young (Mixed) (Metadata GC Threshold)
[2024-01-10T16:12:12.710+0000][12.128s] GC(5) Using 10 workers of 10 for evacuation
[2024-01-10T16:12:12.718+0000][12.136s] GC(5)   Pre Evacuate Collection Set: 0.2ms
[2024-01-10T16:12:12.719+0000][12.137s] GC(5)   Merge Heap Roots: 0.1ms
[2024-01-10T16:12:12.719+0000][12.137s] GC(5)   Evacuate Collection Set: 6.4ms
[2024-01-10T16:12:12.719+0000][12.137s] GC(5)   Post Evacuate Collection Set: 1.4ms
[2024-01-10T16:12:12.720+0000][12.138s] GC(5)   Other: 0.7ms
[2024-01-10T16:12:12.720+0000][12.138s] GC(5) Eden regions: 2->0(152)
[2024-01-10T16:12:12.720+0000][12.138s] GC(5) Survivor regions: 14->2(4)
[2024-01-10T16:12:12.720+0000][12.138s] GC(5) Old regions: 12->26
[2024-01-10T16:12:12.720+0000][12.139s] GC(5) Archive regions: 2->2
[2024-01-10T16:12:12.721+0000][12.139s] GC(5) Humongous regions: 4->4
[2024-01-10T16:12:12.721+0000][12.139s] GC(5) Metaspace: 35947K(36288K)->35947K(36288K) NonClass: 31449K(31616K)->31449K(31616K) Class: 4497K(4672K)->4497K(4672K)
[2024-01-10T16:12:12.721+0000][12.139s] GC(5) Pause Young (Mixed) (Metadata GC Threshold) 32M->31M(512M) 11.882ms
[2024-01-10T16:12:12.721+0000][12.140s] GC(5) User=0.10s Sys=0.00s Real=0.02s
[2024-01-10T16:12:12.747+0000][12.166s] GC(6) Pause Young (Concurrent Start) (Metadata GC Threshold)
[2024-01-10T16:12:12.748+0000][12.166s] GC(6) Using 10 workers of 10 for evacuation
[2024-01-10T16:12:12.751+0000][12.169s] GC(6)   Pre Evacuate Collection Set: 0.3ms
[2024-01-10T16:12:12.752+0000][12.170s] GC(6)   Merge Heap Roots: 0.4ms
[2024-01-10T16:12:12.752+0000][12.170s] GC(6)   Evacuate Collection Set: 1.4ms
[2024-01-10T16:12:12.752+0000][12.170s] GC(6)   Post Evacuate Collection Set: 0.8ms
[2024-01-10T16:12:12.752+0000][12.171s] GC(6)   Other: 0.8ms
[2024-01-10T16:12:12.753+0000][12.171s] GC(6) Eden regions: 2->0(165)
[2024-01-10T16:12:12.753+0000][12.171s] GC(6) Survivor regions: 2->1(20)
[2024-01-10T16:12:12.753+0000][12.171s] GC(6) Old regions: 26->26
[2024-01-10T16:12:12.753+0000][12.172s] GC(6) Archive regions: 2->2
[2024-01-10T16:12:12.754+0000][12.172s] GC(6) Humongous regions: 4->4
[2024-01-10T16:12:12.754+0000][12.172s] GC(6) Metaspace: 36234K(36608K)->36234K(36608K) NonClass: 31697K(31872K)->31697K(31872K) Class: 4536K(4736K)->4536K(4736K)
[2024-01-10T16:12:12.754+0000][12.172s] GC(6) Pause Young (Concurrent Start) (Metadata GC Threshold) 33M->30M(512M) 6.613ms
[2024-01-10T16:12:12.754+0000][12.173s] GC(6) User=0.03s Sys=0.01s Real=0.01s
[2024-01-10T16:12:12.755+0000][12.173s] GC(7) Concurrent Mark Cycle
[2024-01-10T16:12:12.755+0000][12.173s] GC(7) Concurrent Clear Claimed Marks
[2024-01-10T16:12:12.755+0000][12.174s] GC(7) Concurrent Clear Claimed Marks 0.368ms
[2024-01-10T16:12:12.756+0000][12.174s] GC(7) Concurrent Scan Root Regions
[2024-01-10T16:12:12.757+0000][12.175s] GC(7) Concurrent Scan Root Regions 1.366ms
[2024-01-10T16:12:12.757+0000][12.176s] GC(7) Concurrent Mark
[2024-01-10T16:12:12.758+0000][12.176s] GC(7) Concurrent Mark From Roots
[2024-01-10T16:12:12.758+0000][12.176s] GC(7) Using 3 workers of 3 for marking
[2024-01-10T16:12:12.779+0000][12.198s] GC(7) Concurrent Mark From Roots 21.790ms
[2024-01-10T16:12:12.780+0000][12.198s] GC(7) Concurrent Preclean
[2024-01-10T16:12:12.780+0000][12.199s] GC(7) Concurrent Preclean 0.510ms
[2024-01-10T16:12:12.781+0000][12.199s] GC(7) Pause Remark
[2024-01-10T16:12:12.785+0000][12.203s] GC(7) Pause Remark 32M->32M(512M) 3.690ms
[2024-01-10T16:12:12.785+0000][12.203s] GC(7) User=0.01s Sys=0.00s Real=0.00s
[2024-01-10T16:12:12.785+0000][12.204s] GC(7) Concurrent Mark 27.971ms
[2024-01-10T16:12:12.786+0000][12.204s] GC(7) Concurrent Rebuild Remembered Sets
[2024-01-10T16:12:12.795+0000][12.213s] GC(7) Concurrent Rebuild Remembered Sets 8.957ms
[2024-01-10T16:12:12.795+0000][12.213s] GC(7) Pause Cleanup
[2024-01-10T16:12:12.796+0000][12.214s] GC(7) Pause Cleanup 32M->32M(512M) 0.524ms
[2024-01-10T16:12:12.796+0000][12.214s] GC(7) User=0.01s Sys=0.00s Real=0.00s
[2024-01-10T16:12:12.796+0000][12.215s] GC(7) Concurrent Cleanup for Next Mark
[2024-01-10T16:12:12.798+0000][12.216s] GC(7) Concurrent Cleanup for Next Mark 1.265ms
[2024-01-10T16:12:12.798+0000][12.216s] GC(7) Concurrent Mark Cycle 43.650ms
[2024-01-10T16:12:16.343+0000][15.762s] GC(8) Pause Young (Concurrent Start) (G1 Evacuation Pause)
[2024-01-10T16:12:16.344+0000][15.762s] GC(8) Using 10 workers of 10 for evacuation
[2024-01-10T16:12:16.356+0000][15.774s] GC(8)   Pre Evacuate Collection Set: 0.3ms
[2024-01-10T16:12:16.356+0000][15.774s] GC(8)   Merge Heap Roots: 0.2ms
[2024-01-10T16:12:16.356+0000][15.775s] GC(8)   Evacuate Collection Set: 9.4ms
[2024-01-10T16:12:16.357+0000][15.775s] GC(8)   Post Evacuate Collection Set: 1.4ms
[2024-01-10T16:12:16.357+0000][15.775s] GC(8)   Other: 1.0ms
[2024-01-10T16:12:16.357+0000][15.776s] GC(8) Eden regions: 165->0(291)
[2024-01-10T16:12:16.358+0000][15.776s] GC(8) Survivor regions: 1->16(21)
[2024-01-10T16:12:16.358+0000][15.776s] GC(8) Old regions: 26->26
[2024-01-10T16:12:16.358+0000][15.776s] GC(8) Archive regions: 2->2
[2024-01-10T16:12:16.359+0000][15.777s] GC(8) Humongous regions: 4->4
[2024-01-10T16:12:16.359+0000][15.777s] GC(8) Metaspace: 52422K(52864K)->52422K(52864K) NonClass: 45650K(45888K)->45650K(45888K) Class: 6771K(6976K)->6771K(6976K)
[2024-01-10T16:12:16.359+0000][15.777s] GC(8) Pause Young (Concurrent Start) (G1 Evacuation Pause) 195M->45M(512M) 15.662ms
[2024-01-10T16:12:16.359+0000][15.778s] GC(8) User=0.07s Sys=0.01s Real=0.01s
[2024-01-10T16:12:16.360+0000][15.778s] GC(9) Concurrent Mark Cycle
[2024-01-10T16:12:16.360+0000][15.779s] GC(9) Concurrent Clear Claimed Marks
[2024-01-10T16:12:16.361+0000][15.779s] GC(9) Concurrent Clear Claimed Marks 0.459ms
[2024-01-10T16:12:16.361+0000][15.779s] GC(9) Concurrent Scan Root Regions
[2024-01-10T16:12:16.367+0000][15.785s] GC(9) Concurrent Scan Root Regions 5.627ms
[2024-01-10T16:12:16.367+0000][15.785s] GC(9) Concurrent Mark
[2024-01-10T16:12:16.367+0000][15.786s] GC(9) Concurrent Mark From Roots
[2024-01-10T16:12:16.368+0000][15.786s] GC(9) Using 3 workers of 3 for marking
[2024-01-10T16:12:16.386+0000][15.805s] GC(9) Concurrent Mark From Roots 18.968ms
[2024-01-10T16:12:16.387+0000][15.805s] GC(9) Concurrent Preclean
[2024-01-10T16:12:16.387+0000][15.806s] GC(9) Concurrent Preclean 0.556ms
[2024-01-10T16:12:16.388+0000][15.806s] GC(9) Pause Remark
[2024-01-10T16:12:16.392+0000][15.810s] GC(9) Pause Remark 47M->47M(512M) 3.749ms
[2024-01-10T16:12:16.392+0000][15.810s] GC(9) User=0.01s Sys=0.00s Real=0.01s
[2024-01-10T16:12:16.392+0000][15.810s] GC(9) Concurrent Mark 25.142ms
[2024-01-10T16:12:16.393+0000][15.811s] GC(9) Concurrent Rebuild Remembered Sets
[2024-01-10T16:12:16.401+0000][15.819s] GC(9) Concurrent Rebuild Remembered Sets 8.287ms
[2024-01-10T16:12:16.401+0000][15.820s] GC(9) Pause Cleanup
[2024-01-10T16:12:16.402+0000][15.820s] GC(9) Pause Cleanup 47M->47M(512M) 0.509ms
[2024-01-10T16:12:16.402+0000][15.821s] GC(9) User=0.00s Sys=0.00s Real=0.00s
[2024-01-10T16:12:16.403+0000][15.821s] GC(9) Concurrent Cleanup for Next Mark
[2024-01-10T16:12:16.404+0000][15.822s] GC(9) Concurrent Cleanup for Next Mark 0.874ms
[2024-01-10T16:12:16.404+0000][15.822s] GC(9) Concurrent Mark Cycle 44.036ms
[2024-01-10T16:36:11.241+0000][1450.137s] Heap
[2024-01-10T16:36:11.241+0000][1450.138s]  garbage-first heap   total 524288K, used 97051K [0x00000000e0000000, 0x0000000100000000)
[2024-01-10T16:36:11.242+0000][1450.138s]   region size 1024K, 66 young (67584K), 16 survivors (16384K)
[2024-01-10T16:36:11.242+0000][1450.139s]  Metaspace       used 55506K, committed 56000K, reserved 1114112K
[2024-01-10T16:36:11.242+0000][1450.139s]   class space    used 7112K, committed 7360K, reserved 1048576K
